#
# There is insufficient memory for the Java Runtime Environment to continue.
# Native memory allocation (mmap) failed to map 159383552 bytes. Error detail: G1 virtual space
# Possible reasons:
#   The system is out of physical RAM or swap space
#   This process is running with CompressedOops enabled, and the Java Heap may be blocking the growth of the native heap
# Possible solutions:
#   Reduce memory load on the system
#   Increase physical memory or swap space
#   Check if swap backing store is full
#   Decrease Java heap size (-Xmx/-Xms)
#   Decrease number of Java threads
#   Decrease Java thread stack sizes (-Xss)
#   Set larger code cache with -XX:ReservedCodeCacheSize=
#   JVM is running with Unscaled Compressed Oops mode in which the Java heap is
#     placed in the first 4GB address space. The Java Heap base address is the
#     maximum limit for the native heap growth. Please use -XX:HeapBaseMinAddress
#     to set the Java Heap base and to place the Java Heap above 4GB virtual address.
# This output file may be truncated or incomplete.
#
#  Out of Memory Error (os_windows.cpp:3898), pid=13920, tid=9176
#
# JRE version: OpenJDK Runtime Environment (21.0.6) (build 21.0.6+-13391695-b895.109)
# Java VM: OpenJDK 64-Bit Server VM (21.0.6+-13391695-b895.109, mixed mode, tiered, compressed oops, compressed class ptrs, g1 gc, windows-amd64)
# No core dump will be written. Minidumps are not enabled by default on client versions of Windows
#

---------------  S U M M A R Y ------------

Command Line: --add-opens=java.base/java.lang=ALL-UNNAMED --add-opens=java.base/java.lang.invoke=ALL-UNNAMED --add-opens=java.base/java.util=ALL-UNNAMED --add-opens=java.prefs/java.util.prefs=ALL-UNNAMED --add-exports=jdk.compiler/com.sun.tools.javac.api=ALL-UNNAMED --add-exports=jdk.compiler/com.sun.tools.javac.util=ALL-UNNAMED --add-opens=java.base/java.util=ALL-UNNAMED --add-opens=java.prefs/java.util.prefs=ALL-UNNAMED --add-opens=java.base/java.nio.charset=ALL-UNNAMED --add-opens=java.base/java.net=ALL-UNNAMED --add-opens=java.base/java.util.concurrent.atomic=ALL-UNNAMED --add-opens=java.xml/javax.xml.namespace=ALL-UNNAMED -Xmx2048m -Dfile.encoding=UTF-8 -Duser.country=US -Duser.language=en -Duser.variant -javaagent:C:\Users\hp\.gradle\wrapper\dists\gradle-8.13-bin\5xuhj0ry160q40clulazy9h7d\gradle-8.13\lib\agents\gradle-instrumentation-agent-8.13.jar org.gradle.launcher.daemon.bootstrap.GradleDaemon 8.13

Host: AMD Ryzen 5 3550H with Radeon Vega Mobile Gfx  , 8 cores, 5G,  Windows 11 , 64 bit Build 26100 (10.0.26100.4768)
Time: Sat Jul 26 21:39:56 2025 India Standard Time elapsed time: 13.887126 seconds (0d 0h 0m 13s)

---------------  T H R E A D  ---------------

Current thread (0x0000024efe3703e0):  VMThread "VM Thread"          [id=9176, stack(0x000000de14300000,0x000000de14400000) (1024K)]

Stack: [0x000000de14300000,0x000000de14400000]
Native frames: (J=compiled Java code, j=interpreted, Vv=VM code, C=native code)
V  [jvm.dll+0x6d0639]
V  [jvm.dll+0x85eb03]
V  [jvm.dll+0x86105e]
V  [jvm.dll+0x861743]
V  [jvm.dll+0x27e6e6]
V  [jvm.dll+0x6ccfd5]
V  [jvm.dll+0x6c0a8a]
V  [jvm.dll+0x35537b]
V  [jvm.dll+0x35cfd6]
V  [jvm.dll+0x3aef86]
V  [jvm.dll+0x3af258]
V  [jvm.dll+0x327a2c]
V  [jvm.dll+0x327ab7]
V  [jvm.dll+0x36d93c]
V  [jvm.dll+0x36c0ee]
V  [jvm.dll+0x327181]
V  [jvm.dll+0x36b7f0]
V  [jvm.dll+0x8674c8]
V  [jvm.dll+0x868844]
V  [jvm.dll+0x868d80]
V  [jvm.dll+0x869013]
V  [jvm.dll+0x806ed8]
V  [jvm.dll+0x6cef0d]
C  [ucrtbase.dll+0x37b0]
C  [KERNEL32.DLL+0x2e8d7]
C  [ntdll.dll+0x3c34c]

VM_Operation (0x000000de15af1f50): G1CollectForAllocation, mode: safepoint, requested by thread 0x0000024e933e5740


---------------  P R O C E S S  ---------------

Threads class SMR info:
_java_thread_list=0x0000024e96893d60, length=59, elements={
0x0000024ef37f47d0, 0x0000024efe3bfea0, 0x0000024efe3c08f0, 0x0000024efe3e44f0,
0x0000024efe3ce180, 0x0000024efe3ce7e0, 0x0000024efe3cf230, 0x0000024efe3cffb0,
0x0000024efe3ecf50, 0x0000024efe51e460, 0x0000024efe6d11d0, 0x0000024e932d29d0,
0x0000024e933244e0, 0x0000024e933c54a0, 0x0000024e93368f00, 0x0000024e93376270,
0x0000024e933f4cc0, 0x0000024e933e5740, 0x0000024e933fff90, 0x0000024e933febe0,
0x0000024e93402060, 0x0000024e933ff900, 0x0000024e933ff270, 0x0000024e93582e20,
0x0000024e93400620, 0x0000024e934019d0, 0x0000024e93400cb0, 0x0000024e93401340,
0x0000024e9381e980, 0x0000024e93820a50, 0x0000024e9381fd30, 0x0000024e9381d5d0,
0x0000024e9381f010, 0x0000024e938203c0, 0x0000024e938210e0, 0x0000024e9381dc60,
0x0000024e93821770, 0x0000024e93822490, 0x0000024e9381f6a0, 0x0000024e938231b0,
0x0000024e93823840, 0x0000024e93824bf0, 0x0000024e95c7b5d0, 0x0000024e95c7d010,
0x0000024e95c7bc60, 0x0000024e95c7af40, 0x0000024e95c7dd30, 0x0000024e95c7a8b0,
0x0000024e95c7c980, 0x0000024e97ef67e0, 0x0000024e97ef6e70, 0x0000024e97efa980,
0x0000024e97ef88b0, 0x0000024e97ef7b90, 0x0000024e97ef8220, 0x0000024e97ef95d0,
0x0000024e97ef7500, 0x0000024e97ef9c60, 0x0000024e97efb6a0
}

Java Threads: ( => current thread )
  0x0000024ef37f47d0 JavaThread "main"                              [_thread_blocked, id=10112, stack(0x000000de13c00000,0x000000de13d00000) (1024K)]
  0x0000024efe3bfea0 JavaThread "Reference Handler"          daemon [_thread_blocked, id=4472, stack(0x000000de14400000,0x000000de14500000) (1024K)]
  0x0000024efe3c08f0 JavaThread "Finalizer"                  daemon [_thread_blocked, id=6468, stack(0x000000de14500000,0x000000de14600000) (1024K)]
  0x0000024efe3e44f0 JavaThread "Signal Dispatcher"          daemon [_thread_blocked, id=5380, stack(0x000000de14600000,0x000000de14700000) (1024K)]
  0x0000024efe3ce180 JavaThread "Attach Listener"            daemon [_thread_blocked, id=3560, stack(0x000000de14700000,0x000000de14800000) (1024K)]
  0x0000024efe3ce7e0 JavaThread "Service Thread"             daemon [_thread_blocked, id=1564, stack(0x000000de14800000,0x000000de14900000) (1024K)]
  0x0000024efe3cf230 JavaThread "Monitor Deflation Thread"   daemon [_thread_blocked, id=8976, stack(0x000000de14900000,0x000000de14a00000) (1024K)]
  0x0000024efe3cffb0 JavaThread "C2 CompilerThread0"         daemon [_thread_blocked, id=5072, stack(0x000000de14a00000,0x000000de14b00000) (1024K)]
  0x0000024efe3ecf50 JavaThread "C1 CompilerThread0"         daemon [_thread_blocked, id=13852, stack(0x000000de14b00000,0x000000de14c00000) (1024K)]
  0x0000024efe51e460 JavaThread "Common-Cleaner"             daemon [_thread_blocked, id=5688, stack(0x000000de14c00000,0x000000de14d00000) (1024K)]
  0x0000024efe6d11d0 JavaThread "Notification Thread"        daemon [_thread_blocked, id=13192, stack(0x000000de14d00000,0x000000de14e00000) (1024K)]
  0x0000024e932d29d0 JavaThread "Daemon health stats"               [_thread_blocked, id=11812, stack(0x000000de15300000,0x000000de15400000) (1024K)]
  0x0000024e933244e0 JavaThread "Incoming local TCP Connector on port 50786"        [_thread_in_native, id=11920, stack(0x000000de15400000,0x000000de15500000) (1024K)]
  0x0000024e933c54a0 JavaThread "Daemon periodic checks"            [_thread_blocked, id=14200, stack(0x000000de15600000,0x000000de15700000) (1024K)]
  0x0000024e93368f00 JavaThread "Daemon"                            [_thread_blocked, id=9300, stack(0x000000de15700000,0x000000de15800000) (1024K)]
  0x0000024e93376270 JavaThread "Handler for socket connection from /127.0.0.1:50786 to /127.0.0.1:50787"        [_thread_in_native, id=2736, stack(0x000000de15800000,0x000000de15900000) (1024K)]
  0x0000024e933f4cc0 JavaThread "Cancel handler"                    [_thread_blocked, id=10172, stack(0x000000de15900000,0x000000de15a00000) (1024K)]
  0x0000024e933e5740 JavaThread "Daemon worker"                     [_thread_blocked, id=3244, stack(0x000000de15a00000,0x000000de15b00000) (1024K)]
  0x0000024e933fff90 JavaThread "Asynchronous log dispatcher for DefaultDaemonConnection: socket connection from /127.0.0.1:50786 to /127.0.0.1:50787"        [_thread_blocked, id=6312, stack(0x000000de15b00000,0x000000de15c00000) (1024K)]
  0x0000024e933febe0 JavaThread "Stdin handler"                     [_thread_blocked, id=8264, stack(0x000000de15c00000,0x000000de15d00000) (1024K)]
  0x0000024e93402060 JavaThread "Daemon client event forwarder"        [_thread_blocked, id=9412, stack(0x000000de15d00000,0x000000de15e00000) (1024K)]
  0x0000024e933ff900 JavaThread "Cache worker for journal cache (C:\Users\hp\.gradle\caches\journal-1)"        [_thread_blocked, id=1792, stack(0x000000de15500000,0x000000de15600000) (1024K)]
  0x0000024e933ff270 JavaThread "File lock request listener"        [_thread_in_native, id=5732, stack(0x000000de16100000,0x000000de16200000) (1024K)]
  0x0000024e93582e20 JavaThread "C2 CompilerThread1"         daemon [_thread_blocked, id=12908, stack(0x000000de16200000,0x000000de16300000) (1024K)]
  0x0000024e93400620 JavaThread "Cache worker for file hash cache (C:\Users\hp\.gradle\caches\8.13\fileHashes)"        [_thread_blocked, id=11396, stack(0x000000de16300000,0x000000de16400000) (1024K)]
  0x0000024e934019d0 JavaThread "Cache worker for file hash cache (C:\AndroidStudioProjects\DrivingPal\.gradle\8.13\fileHashes)"        [_thread_blocked, id=2796, stack(0x000000de16500000,0x000000de16600000) (1024K)]
  0x0000024e93400cb0 JavaThread "Cache worker for Build Output Cleanup Cache (C:\AndroidStudioProjects\DrivingPal\.gradle\buildOutputCleanup)"        [_thread_blocked, id=13856, stack(0x000000de16600000,0x000000de16700000) (1024K)]
  0x0000024e93401340 JavaThread "File watcher server"        daemon [_thread_in_native, id=12320, stack(0x000000de16700000,0x000000de16800000) (1024K)]
  0x0000024e9381e980 JavaThread "File watcher consumer"      daemon [_thread_blocked, id=2044, stack(0x000000de16800000,0x000000de16900000) (1024K)]
  0x0000024e93820a50 JavaThread "jar transforms"                    [_thread_blocked, id=11068, stack(0x000000de16900000,0x000000de16a00000) (1024K)]
  0x0000024e9381fd30 JavaThread "jar transforms Thread 2"           [_thread_blocked, id=12424, stack(0x000000de16a00000,0x000000de16b00000) (1024K)]
  0x0000024e9381d5d0 JavaThread "jar transforms Thread 3"           [_thread_blocked, id=4248, stack(0x000000de16b00000,0x000000de16c00000) (1024K)]
  0x0000024e9381f010 JavaThread "jar transforms Thread 4"           [_thread_blocked, id=6652, stack(0x000000de16c00000,0x000000de16d00000) (1024K)]
  0x0000024e938203c0 JavaThread "jar transforms Thread 5"           [_thread_blocked, id=11656, stack(0x000000de16d00000,0x000000de16e00000) (1024K)]
  0x0000024e938210e0 JavaThread "jar transforms Thread 6"           [_thread_blocked, id=14012, stack(0x000000de16e00000,0x000000de16f00000) (1024K)]
  0x0000024e9381dc60 JavaThread "jar transforms Thread 7"           [_thread_blocked, id=5260, stack(0x000000de16f00000,0x000000de17000000) (1024K)]
  0x0000024e93821770 JavaThread "jar transforms Thread 8"           [_thread_blocked, id=2404, stack(0x000000de17000000,0x000000de17100000) (1024K)]
  0x0000024e93822490 JavaThread "Cache worker for checksums cache (C:\AndroidStudioProjects\DrivingPal\.gradle\8.13\checksums)"        [_thread_blocked, id=6348, stack(0x000000de17100000,0x000000de17200000) (1024K)]
  0x0000024e9381f6a0 JavaThread "Cache worker for file content cache (C:\Users\hp\.gradle\caches\8.13\fileContent)"        [_thread_blocked, id=13288, stack(0x000000de17200000,0x000000de17300000) (1024K)]
  0x0000024e938231b0 JavaThread "Cache worker for cache directory md-supplier (C:\Users\hp\.gradle\caches\8.13\md-supplier)"        [_thread_blocked, id=8328, stack(0x000000de16400000,0x000000de16500000) (1024K)]
  0x0000024e93823840 JavaThread "Cache worker for cache directory md-rule (C:\Users\hp\.gradle\caches\8.13\md-rule)"        [_thread_blocked, id=9284, stack(0x000000de17300000,0x000000de17400000) (1024K)]
  0x0000024e93824bf0 JavaThread "Unconstrained build operations"        [_thread_blocked, id=12100, stack(0x000000de17400000,0x000000de17500000) (1024K)]
  0x0000024e95c7b5d0 JavaThread "Unconstrained build operations Thread 2"        [_thread_blocked, id=12920, stack(0x000000de17500000,0x000000de17600000) (1024K)]
  0x0000024e95c7d010 JavaThread "Unconstrained build operations Thread 3"        [_thread_blocked, id=13996, stack(0x000000de17600000,0x000000de17700000) (1024K)]
  0x0000024e95c7bc60 JavaThread "Unconstrained build operations Thread 4"        [_thread_blocked, id=13696, stack(0x000000de17700000,0x000000de17800000) (1024K)]
  0x0000024e95c7af40 JavaThread "Unconstrained build operations Thread 5"        [_thread_blocked, id=10892, stack(0x000000de17800000,0x000000de17900000) (1024K)]
  0x0000024e95c7dd30 JavaThread "Unconstrained build operations Thread 6"        [_thread_blocked, id=8056, stack(0x000000de17900000,0x000000de17a00000) (1024K)]
  0x0000024e95c7a8b0 JavaThread "Unconstrained build operations Thread 7"        [_thread_blocked, id=13416, stack(0x000000de17a00000,0x000000de17b00000) (1024K)]
  0x0000024e95c7c980 JavaThread "Unconstrained build operations Thread 8"        [_thread_blocked, id=7460, stack(0x000000de17b00000,0x000000de17c00000) (1024K)]
  0x0000024e97ef67e0 JavaThread "Unconstrained build operations Thread 9"        [_thread_blocked, id=9760, stack(0x000000de17c00000,0x000000de17d00000) (1024K)]
  0x0000024e97ef6e70 JavaThread "Unconstrained build operations Thread 10"        [_thread_blocked, id=13596, stack(0x000000de17d00000,0x000000de17e00000) (1024K)]
  0x0000024e97efa980 JavaThread "Unconstrained build operations Thread 11"        [_thread_blocked, id=8092, stack(0x000000de17e00000,0x000000de17f00000) (1024K)]
  0x0000024e97ef88b0 JavaThread "Unconstrained build operations Thread 12"        [_thread_blocked, id=14016, stack(0x000000de17f00000,0x000000de18000000) (1024K)]
  0x0000024e97ef7b90 JavaThread "Unconstrained build operations Thread 13"        [_thread_blocked, id=10016, stack(0x000000de18000000,0x000000de18100000) (1024K)]
  0x0000024e97ef8220 JavaThread "Unconstrained build operations Thread 14"        [_thread_blocked, id=8848, stack(0x000000de18100000,0x000000de18200000) (1024K)]
  0x0000024e97ef95d0 JavaThread "Unconstrained build operations Thread 15"        [_thread_blocked, id=12212, stack(0x000000de18200000,0x000000de18300000) (1024K)]
  0x0000024e97ef7500 JavaThread "Unconstrained build operations Thread 16"        [_thread_blocked, id=8524, stack(0x000000de18300000,0x000000de18400000) (1024K)]
  0x0000024e97ef9c60 JavaThread "Unconstrained build operations Thread 17"        [_thread_blocked, id=12240, stack(0x000000de18400000,0x000000de18500000) (1024K)]
  0x0000024e97efb6a0 JavaThread "Unconstrained build operations Thread 18"        [_thread_blocked, id=9048, stack(0x000000de18500000,0x000000de18600000) (1024K)]
Total: 59

Other Threads:
=>0x0000024efe3703e0 VMThread "VM Thread"                           [id=9176, stack(0x000000de14300000,0x000000de14400000) (1024K)]
  0x0000024efe1a0990 WatcherThread "VM Periodic Task Thread"        [id=9352, stack(0x000000de14200000,0x000000de14300000) (1024K)]
  0x0000024ef38bd070 WorkerThread "GC Thread#0"                     [id=2700, stack(0x000000de13d00000,0x000000de13e00000) (1024K)]
  0x0000024efe85f130 WorkerThread "GC Thread#1"                     [id=10056, stack(0x000000de14f00000,0x000000de15000000) (1024K)]
  0x0000024efeae9ea0 WorkerThread "GC Thread#2"                     [id=9096, stack(0x000000de15000000,0x000000de15100000) (1024K)]
  0x0000024eff63a630 WorkerThread "GC Thread#3"                     [id=3256, stack(0x000000de15100000,0x000000de15200000) (1024K)]
  0x0000024eff63a9d0 WorkerThread "GC Thread#4"                     [id=4772, stack(0x000000de15200000,0x000000de15300000) (1024K)]
  0x0000024e9306f0b0 WorkerThread "GC Thread#5"                     [id=6996, stack(0x000000de14e00000,0x000000de14f00000) (1024K)]
  0x0000024e9342a050 WorkerThread "GC Thread#6"                     [id=6124, stack(0x000000de15e00000,0x000000de15f00000) (1024K)]
  0x0000024e9343d980 WorkerThread "GC Thread#7"                     [id=10424, stack(0x000000de15f00000,0x000000de16000000) (1024K)]
  0x0000024ef38bdf30 ConcurrentGCThread "G1 Main Marker"            [id=2968, stack(0x000000de13e00000,0x000000de13f00000) (1024K)]
  0x0000024ef38beaa0 WorkerThread "G1 Conc#0"                       [id=11612, stack(0x000000de13f00000,0x000000de14000000) (1024K)]
  0x0000024e93462860 WorkerThread "G1 Conc#1"                       [id=1640, stack(0x000000de16000000,0x000000de16100000) (1024K)]
  0x0000024efe052410 ConcurrentGCThread "G1 Refine#0"               [id=5028, stack(0x000000de14000000,0x000000de14100000) (1024K)]
  0x0000024efe053c40 ConcurrentGCThread "G1 Service"                [id=12112, stack(0x000000de14100000,0x000000de14200000) (1024K)]
Total: 15

Threads with active compile tasks:
Total: 0

VM state: at safepoint (normal execution)

VM Mutex/Monitor currently owned by a thread:  ([mutex/lock_event])
[0x00007ffa0c02e3a0] Threads_lock - owner thread: 0x0000024efe3703e0
[0x00007ffa0c02e4a0] Heap_lock - owner thread: 0x0000024e933e5740

Heap address: 0x0000000080000000, size: 2048 MB, Compressed Oops mode: 32-bit

CDS archive(s) not mapped
Compressed class space mapped at: 0x0000000100000000-0x0000000140000000, reserved size: 1073741824
Narrow klass base: 0x0000000000000000, Narrow klass shift: 3, Narrow klass range: 0x140000000

GC Precious Log:
 CardTable entry size: 512
 Card Set container configuration: InlinePtr #cards 5 size 8 Array Of Cards #cards 12 size 40 Howl #buckets 4 coarsen threshold 1843 Howl Bitmap #cards 512 size 80 coarsen threshold 460 Card regions per heap region 1 cards per card region 2048
 CPUs: 8 total, 8 available
 Memory: 6021M
 Large Page Support: Disabled
 NUMA Support: Disabled
 Compressed Oops: Enabled (32-bit)
 Heap Region Size: 1M
 Heap Min Capacity: 8M
 Heap Initial Capacity: 96M
 Heap Max Capacity: 2G
 Pre-touch: Disabled
 Parallel Workers: 8
 Concurrent Workers: 2
 Concurrent Refinement Workers: 8
 Periodic GC: Disabled

Heap:
 garbage-first heap   total 155648K, used 100221K [0x0000000080000000, 0x0000000100000000)
  region size 1024K, 4 young (4096K), 4 survivors (4096K)
 Metaspace       used 69077K, committed 70848K, reserved 1114112K
  class space    used 9312K, committed 10176K, reserved 1048576K

Heap Regions: E=young(eden), S=young(survivor), O=old, HS=humongous(starts), HC=humongous(continues), CS=collection set, F=free, TAMS=top-at-mark-start, PB=parsable bottom
|   0|0x0000000080000000, 0x0000000080100000, 0x0000000080100000|100%|HS|  |TAMS 0x0000000080100000| PB 0x0000000080000000| Complete 
|   1|0x0000000080100000, 0x0000000080200000, 0x0000000080200000|100%|HC|  |TAMS 0x0000000080200000| PB 0x0000000080100000| Complete 
|   2|0x0000000080200000, 0x0000000080300000, 0x0000000080300000|100%|HC|  |TAMS 0x0000000080300000| PB 0x0000000080200000| Complete 
|   3|0x0000000080300000, 0x0000000080400000, 0x0000000080400000|100%| O|  |TAMS 0x0000000080400000| PB 0x0000000080300000| Untracked 
|   4|0x0000000080400000, 0x0000000080500000, 0x0000000080500000|100%| O|  |TAMS 0x0000000080500000| PB 0x0000000080400000| Untracked 
|   5|0x0000000080500000, 0x0000000080600000, 0x0000000080600000|100%| O|  |TAMS 0x0000000080600000| PB 0x0000000080500000| Untracked 
|   6|0x0000000080600000, 0x0000000080700000, 0x0000000080700000|100%|HS|  |TAMS 0x0000000080700000| PB 0x0000000080600000| Complete 
|   7|0x0000000080700000, 0x0000000080800000, 0x0000000080800000|100%| O|  |TAMS 0x0000000080800000| PB 0x0000000080700000| Untracked 
|   8|0x0000000080800000, 0x0000000080900000, 0x0000000080900000|100%| O|  |TAMS 0x0000000080900000| PB 0x0000000080800000| Untracked 
|   9|0x0000000080900000, 0x0000000080a00000, 0x0000000080a00000|100%| O|  |TAMS 0x0000000080a00000| PB 0x0000000080900000| Untracked 
|  10|0x0000000080a00000, 0x0000000080b00000, 0x0000000080b00000|100%| O|  |TAMS 0x0000000080b00000| PB 0x0000000080a00000| Untracked 
|  11|0x0000000080b00000, 0x0000000080c00000, 0x0000000080c00000|100%| O|  |TAMS 0x0000000080c00000| PB 0x0000000080b00000| Untracked 
|  12|0x0000000080c00000, 0x0000000080d00000, 0x0000000080d00000|100%| O|  |TAMS 0x0000000080d00000| PB 0x0000000080c00000| Untracked 
|  13|0x0000000080d00000, 0x0000000080e00000, 0x0000000080e00000|100%| O|  |TAMS 0x0000000080e00000| PB 0x0000000080d00000| Untracked 
|  14|0x0000000080e00000, 0x0000000080f00000, 0x0000000080f00000|100%| O|  |TAMS 0x0000000080f00000| PB 0x0000000080e00000| Untracked 
|  15|0x0000000080f00000, 0x0000000081000000, 0x0000000081000000|100%| O|  |TAMS 0x0000000081000000| PB 0x0000000080f00000| Untracked 
|  16|0x0000000081000000, 0x0000000081100000, 0x0000000081100000|100%| O|  |TAMS 0x0000000081100000| PB 0x0000000081000000| Untracked 
|  17|0x0000000081100000, 0x0000000081200000, 0x0000000081200000|100%| O|  |TAMS 0x0000000081200000| PB 0x0000000081100000| Untracked 
|  18|0x0000000081200000, 0x0000000081300000, 0x0000000081300000|100%| O|  |TAMS 0x0000000081300000| PB 0x0000000081200000| Untracked 
|  19|0x0000000081300000, 0x0000000081400000, 0x0000000081400000|100%| O|  |TAMS 0x0000000081400000| PB 0x0000000081300000| Untracked 
|  20|0x0000000081400000, 0x0000000081500000, 0x0000000081500000|100%| O|  |TAMS 0x0000000081500000| PB 0x0000000081400000| Untracked 
|  21|0x0000000081500000, 0x0000000081600000, 0x0000000081600000|100%| O|  |TAMS 0x0000000081600000| PB 0x0000000081500000| Untracked 
|  22|0x0000000081600000, 0x0000000081700000, 0x0000000081700000|100%| O|  |TAMS 0x0000000081700000| PB 0x0000000081600000| Untracked 
|  23|0x0000000081700000, 0x0000000081800000, 0x0000000081800000|100%|HS|  |TAMS 0x0000000081800000| PB 0x0000000081700000| Complete 
|  24|0x0000000081800000, 0x0000000081900000, 0x0000000081900000|100%|HC|  |TAMS 0x0000000081900000| PB 0x0000000081800000| Complete 
|  25|0x0000000081900000, 0x0000000081a00000, 0x0000000081a00000|100%|HC|  |TAMS 0x0000000081a00000| PB 0x0000000081900000| Complete 
|  26|0x0000000081a00000, 0x0000000081b00000, 0x0000000081b00000|100%|HC|  |TAMS 0x0000000081b00000| PB 0x0000000081a00000| Complete 
|  27|0x0000000081b00000, 0x0000000081c00000, 0x0000000081c00000|100%|HC|  |TAMS 0x0000000081c00000| PB 0x0000000081b00000| Complete 
|  28|0x0000000081c00000, 0x0000000081d00000, 0x0000000081d00000|100%|HC|  |TAMS 0x0000000081d00000| PB 0x0000000081c00000| Complete 
|  29|0x0000000081d00000, 0x0000000081e00000, 0x0000000081e00000|100%|HS|  |TAMS 0x0000000081e00000| PB 0x0000000081d00000| Complete 
|  30|0x0000000081e00000, 0x0000000081f00000, 0x0000000081f00000|100%|HS|  |TAMS 0x0000000081f00000| PB 0x0000000081e00000| Complete 
|  31|0x0000000081f00000, 0x0000000082000000, 0x0000000082000000|100%|HC|  |TAMS 0x0000000082000000| PB 0x0000000081f00000| Complete 
|  32|0x0000000082000000, 0x0000000082100000, 0x0000000082100000|100%|HC|  |TAMS 0x0000000082100000| PB 0x0000000082000000| Complete 
|  33|0x0000000082100000, 0x0000000082200000, 0x0000000082200000|100%|HC|  |TAMS 0x0000000082200000| PB 0x0000000082100000| Complete 
|  34|0x0000000082200000, 0x0000000082300000, 0x0000000082300000|100%|HS|  |TAMS 0x0000000082300000| PB 0x0000000082200000| Complete 
|  35|0x0000000082300000, 0x0000000082400000, 0x0000000082400000|100%|HC|  |TAMS 0x0000000082400000| PB 0x0000000082300000| Complete 
|  36|0x0000000082400000, 0x0000000082500000, 0x0000000082500000|100%|HS|  |TAMS 0x0000000082500000| PB 0x0000000082400000| Complete 
|  37|0x0000000082500000, 0x0000000082600000, 0x0000000082600000|100%|HS|  |TAMS 0x0000000082600000| PB 0x0000000082500000| Complete 
|  38|0x0000000082600000, 0x0000000082700000, 0x0000000082700000|100%|HC|  |TAMS 0x0000000082700000| PB 0x0000000082600000| Complete 
|  39|0x0000000082700000, 0x0000000082800000, 0x0000000082800000|100%|HC|  |TAMS 0x0000000082800000| PB 0x0000000082700000| Complete 
|  40|0x0000000082800000, 0x0000000082900000, 0x0000000082900000|100%|HC|  |TAMS 0x0000000082900000| PB 0x0000000082800000| Complete 
|  41|0x0000000082900000, 0x0000000082a00000, 0x0000000082a00000|100%|HC|  |TAMS 0x0000000082a00000| PB 0x0000000082900000| Complete 
|  42|0x0000000082a00000, 0x0000000082b00000, 0x0000000082b00000|100%|HC|  |TAMS 0x0000000082b00000| PB 0x0000000082a00000| Complete 
|  43|0x0000000082b00000, 0x0000000082c00000, 0x0000000082c00000|100%|HS|  |TAMS 0x0000000082c00000| PB 0x0000000082b00000| Complete 
|  44|0x0000000082c00000, 0x0000000082d00000, 0x0000000082d00000|100%|HS|  |TAMS 0x0000000082d00000| PB 0x0000000082c00000| Complete 
|  45|0x0000000082d00000, 0x0000000082e00000, 0x0000000082e00000|100%|HC|  |TAMS 0x0000000082e00000| PB 0x0000000082d00000| Complete 
|  46|0x0000000082e00000, 0x0000000082f00000, 0x0000000082f00000|100%| O|  |TAMS 0x0000000082f00000| PB 0x0000000082e00000| Untracked 
|  47|0x0000000082f00000, 0x0000000083000000, 0x0000000083000000|100%| O|  |TAMS 0x0000000082f00000| PB 0x0000000082f00000| Untracked 
|  48|0x0000000083000000, 0x0000000083100000, 0x0000000083100000|100%| O|  |TAMS 0x0000000083100000| PB 0x0000000083000000| Untracked 
|  49|0x0000000083100000, 0x0000000083200000, 0x0000000083200000|100%| O|  |TAMS 0x0000000083200000| PB 0x0000000083100000| Untracked 
|  50|0x0000000083200000, 0x0000000083300000, 0x0000000083300000|100%|HS|  |TAMS 0x0000000083300000| PB 0x0000000083200000| Complete 
|  51|0x0000000083300000, 0x0000000083400000, 0x0000000083400000|100%|HC|  |TAMS 0x0000000083400000| PB 0x0000000083300000| Complete 
|  52|0x0000000083400000, 0x0000000083500000, 0x0000000083500000|100%|HC|  |TAMS 0x0000000083500000| PB 0x0000000083400000| Complete 
|  53|0x0000000083500000, 0x0000000083600000, 0x0000000083600000|100%|HC|  |TAMS 0x0000000083600000| PB 0x0000000083500000| Complete 
|  54|0x0000000083600000, 0x0000000083700000, 0x0000000083700000|100%|HS|  |TAMS 0x0000000083700000| PB 0x0000000083600000| Complete 
|  55|0x0000000083700000, 0x0000000083800000, 0x0000000083800000|100%| O|  |TAMS 0x0000000083800000| PB 0x0000000083700000| Untracked 
|  56|0x0000000083800000, 0x0000000083900000, 0x0000000083900000|100%| O|  |TAMS 0x0000000083900000| PB 0x0000000083800000| Untracked 
|  57|0x0000000083900000, 0x0000000083a00000, 0x0000000083a00000|100%| O|  |TAMS 0x0000000083a00000| PB 0x0000000083900000| Untracked 
|  58|0x0000000083a00000, 0x0000000083b00000, 0x0000000083b00000|100%| O|  |TAMS 0x0000000083a00000| PB 0x0000000083a00000| Untracked 
|  59|0x0000000083b00000, 0x0000000083c00000, 0x0000000083c00000|100%| O|  |TAMS 0x0000000083c00000| PB 0x0000000083b00000| Untracked 
|  60|0x0000000083c00000, 0x0000000083d00000, 0x0000000083d00000|100%| O|  |TAMS 0x0000000083d00000| PB 0x0000000083c00000| Untracked 
|  61|0x0000000083d00000, 0x0000000083e00000, 0x0000000083e00000|100%| O|  |TAMS 0x0000000083e00000| PB 0x0000000083d00000| Untracked 
|  62|0x0000000083e00000, 0x0000000083f00000, 0x0000000083f00000|100%| O|  |TAMS 0x0000000083f00000| PB 0x0000000083e00000| Untracked 
|  63|0x0000000083f00000, 0x0000000084000000, 0x0000000084000000|100%| O|  |TAMS 0x0000000084000000| PB 0x0000000083f00000| Untracked 
|  64|0x0000000084000000, 0x0000000084100000, 0x0000000084100000|100%| O|  |TAMS 0x0000000084100000| PB 0x0000000084000000| Untracked 
|  65|0x0000000084100000, 0x0000000084200000, 0x0000000084200000|100%|HS|  |TAMS 0x0000000084200000| PB 0x0000000084100000| Complete 
|  66|0x0000000084200000, 0x0000000084300000, 0x0000000084300000|100%|HC|  |TAMS 0x0000000084300000| PB 0x0000000084200000| Complete 
|  67|0x0000000084300000, 0x0000000084400000, 0x0000000084400000|100%| O|  |TAMS 0x0000000084400000| PB 0x0000000084300000| Untracked 
|  68|0x0000000084400000, 0x0000000084500000, 0x0000000084500000|100%| O|  |TAMS 0x0000000084500000| PB 0x0000000084400000| Untracked 
|  69|0x0000000084500000, 0x0000000084600000, 0x0000000084600000|100%| O|  |TAMS 0x0000000084600000| PB 0x0000000084500000| Untracked 
|  70|0x0000000084600000, 0x0000000084700000, 0x0000000084700000|100%| O|  |TAMS 0x0000000084700000| PB 0x0000000084600000| Untracked 
|  71|0x0000000084700000, 0x0000000084800000, 0x0000000084800000|100%|HS|  |TAMS 0x0000000084800000| PB 0x0000000084700000| Complete 
|  72|0x0000000084800000, 0x0000000084900000, 0x0000000084900000|100%| O|  |TAMS 0x0000000084900000| PB 0x0000000084800000| Untracked 
|  73|0x0000000084900000, 0x0000000084a00000, 0x0000000084a00000|100%| O|  |TAMS 0x0000000084a00000| PB 0x0000000084900000| Untracked 
|  74|0x0000000084a00000, 0x0000000084b00000, 0x0000000084b00000|100%| O|  |TAMS 0x0000000084b00000| PB 0x0000000084a00000| Untracked 
|  75|0x0000000084b00000, 0x0000000084c00000, 0x0000000084c00000|100%| O|  |TAMS 0x0000000084c00000| PB 0x0000000084b00000| Untracked 
|  76|0x0000000084c00000, 0x0000000084d00000, 0x0000000084d00000|100%| O|  |TAMS 0x0000000084d00000| PB 0x0000000084c00000| Untracked 
|  77|0x0000000084d00000, 0x0000000084e00000, 0x0000000084e00000|100%|HS|  |TAMS 0x0000000084e00000| PB 0x0000000084d00000| Complete 
|  78|0x0000000084e00000, 0x0000000084f00000, 0x0000000084f00000|100%|HC|  |TAMS 0x0000000084f00000| PB 0x0000000084e00000| Complete 
|  79|0x0000000084f00000, 0x0000000085000000, 0x0000000085000000|100%|HC|  |TAMS 0x0000000085000000| PB 0x0000000084f00000| Complete 
|  80|0x0000000085000000, 0x0000000085100000, 0x0000000085100000|100%|HC|  |TAMS 0x0000000085100000| PB 0x0000000085000000| Complete 
|  81|0x0000000085100000, 0x0000000085200000, 0x0000000085200000|100%|HC|  |TAMS 0x0000000085200000| PB 0x0000000085100000| Complete 
|  82|0x0000000085200000, 0x0000000085300000, 0x0000000085300000|100%|HC|  |TAMS 0x0000000085300000| PB 0x0000000085200000| Complete 
|  83|0x0000000085300000, 0x0000000085400000, 0x0000000085400000|100%| O|  |TAMS 0x0000000085400000| PB 0x0000000085300000| Untracked 
|  84|0x0000000085400000, 0x0000000085500000, 0x0000000085500000|100%|HS|  |TAMS 0x0000000085500000| PB 0x0000000085400000| Complete 
|  85|0x0000000085500000, 0x0000000085600000, 0x0000000085600000|100%|HC|  |TAMS 0x0000000085600000| PB 0x0000000085500000| Complete 
|  86|0x0000000085600000, 0x0000000085700000, 0x0000000085700000|100%|HC|  |TAMS 0x0000000085700000| PB 0x0000000085600000| Complete 
|  87|0x0000000085700000, 0x0000000085800000, 0x0000000085800000|100%|HC|  |TAMS 0x0000000085800000| PB 0x0000000085700000| Complete 
|  88|0x0000000085800000, 0x0000000085900000, 0x0000000085900000|100%|HC|  |TAMS 0x0000000085900000| PB 0x0000000085800000| Complete 
|  89|0x0000000085900000, 0x0000000085a00000, 0x0000000085a00000|100%|HC|  |TAMS 0x0000000085a00000| PB 0x0000000085900000| Complete 
|  90|0x0000000085a00000, 0x0000000085b00000, 0x0000000085b00000|100%|HS|  |TAMS 0x0000000085b00000| PB 0x0000000085a00000| Complete 
|  91|0x0000000085b00000, 0x0000000085b42c80, 0x0000000085c00000| 26%| O|  |TAMS 0x0000000085b00000| PB 0x0000000085b00000| Untracked 
|  92|0x0000000085c00000, 0x0000000085c00000, 0x0000000085d00000|  0%| F|  |TAMS 0x0000000085c00000| PB 0x0000000085c00000| Untracked 
|  93|0x0000000085d00000, 0x0000000085d00000, 0x0000000085e00000|  0%| F|  |TAMS 0x0000000085d00000| PB 0x0000000085d00000| Untracked 
|  94|0x0000000085e00000, 0x0000000085e00000, 0x0000000085f00000|  0%| F|  |TAMS 0x0000000085e00000| PB 0x0000000085e00000| Untracked 
|  95|0x0000000085f00000, 0x0000000085f00000, 0x0000000086000000|  0%| F|  |TAMS 0x0000000085f00000| PB 0x0000000085f00000| Untracked 
|  96|0x0000000086000000, 0x0000000086000000, 0x0000000086100000|  0%| F|  |TAMS 0x0000000086000000| PB 0x0000000086000000| Untracked 
|  97|0x0000000086100000, 0x0000000086100000, 0x0000000086200000|  0%| F|  |TAMS 0x0000000086100000| PB 0x0000000086100000| Untracked 
|  98|0x0000000086200000, 0x0000000086200000, 0x0000000086300000|  0%| F|  |TAMS 0x0000000086200000| PB 0x0000000086200000| Untracked 
|  99|0x0000000086300000, 0x0000000086300000, 0x0000000086400000|  0%| F|  |TAMS 0x0000000086300000| PB 0x0000000086300000| Untracked 
| 100|0x0000000086400000, 0x0000000086400000, 0x0000000086500000|  0%| F|  |TAMS 0x0000000086400000| PB 0x0000000086400000| Untracked 
| 101|0x0000000086500000, 0x0000000086500000, 0x0000000086600000|  0%| F|  |TAMS 0x0000000086500000| PB 0x0000000086500000| Untracked 
| 102|0x0000000086600000, 0x000000008669c8b0, 0x0000000086700000| 61%| S|CS|TAMS 0x0000000086600000| PB 0x0000000086600000| Complete 
| 103|0x0000000086700000, 0x0000000086800000, 0x0000000086800000|100%| S|CS|TAMS 0x0000000086700000| PB 0x0000000086700000| Complete 
| 104|0x0000000086800000, 0x0000000086900000, 0x0000000086900000|100%| S|CS|TAMS 0x0000000086800000| PB 0x0000000086800000| Complete 
| 105|0x0000000086900000, 0x0000000086a00000, 0x0000000086a00000|100%| S|CS|TAMS 0x0000000086900000| PB 0x0000000086900000| Complete 
| 106|0x0000000086a00000, 0x0000000086a00000, 0x0000000086b00000|  0%| F|  |TAMS 0x0000000086a00000| PB 0x0000000086a00000| Untracked 
| 107|0x0000000086b00000, 0x0000000086b00000, 0x0000000086c00000|  0%| F|  |TAMS 0x0000000086b00000| PB 0x0000000086b00000| Untracked 
| 108|0x0000000086c00000, 0x0000000086c00000, 0x0000000086d00000|  0%| F|  |TAMS 0x0000000086c00000| PB 0x0000000086c00000| Untracked 
| 109|0x0000000086d00000, 0x0000000086d00000, 0x0000000086e00000|  0%| F|  |TAMS 0x0000000086d00000| PB 0x0000000086d00000| Untracked 
| 110|0x0000000086e00000, 0x0000000086e00000, 0x0000000086f00000|  0%| F|  |TAMS 0x0000000086e00000| PB 0x0000000086e00000| Untracked 
| 111|0x0000000086f00000, 0x0000000086f00000, 0x0000000087000000|  0%| F|  |TAMS 0x0000000086f00000| PB 0x0000000086f00000| Untracked 
| 112|0x0000000087000000, 0x0000000087000000, 0x0000000087100000|  0%| F|  |TAMS 0x0000000087000000| PB 0x0000000087000000| Untracked 
| 113|0x0000000087100000, 0x0000000087100000, 0x0000000087200000|  0%| F|  |TAMS 0x0000000087100000| PB 0x0000000087100000| Untracked 
| 114|0x0000000087200000, 0x0000000087200000, 0x0000000087300000|  0%| F|  |TAMS 0x0000000087200000| PB 0x0000000087200000| Untracked 
| 115|0x0000000087300000, 0x0000000087300000, 0x0000000087400000|  0%| F|  |TAMS 0x0000000087300000| PB 0x0000000087300000| Untracked 
| 116|0x0000000087400000, 0x0000000087400000, 0x0000000087500000|  0%| F|  |TAMS 0x0000000087400000| PB 0x0000000087400000| Untracked 
| 117|0x0000000087500000, 0x0000000087500000, 0x0000000087600000|  0%| F|  |TAMS 0x0000000087500000| PB 0x0000000087500000| Untracked 
| 118|0x0000000087600000, 0x0000000087600000, 0x0000000087700000|  0%| F|  |TAMS 0x0000000087600000| PB 0x0000000087600000| Untracked 
| 119|0x0000000087700000, 0x0000000087700000, 0x0000000087800000|  0%| F|  |TAMS 0x0000000087700000| PB 0x0000000087700000| Untracked 
| 120|0x0000000087800000, 0x0000000087800000, 0x0000000087900000|  0%| F|  |TAMS 0x0000000087800000| PB 0x0000000087800000| Untracked 
| 121|0x0000000087900000, 0x0000000087900000, 0x0000000087a00000|  0%| F|  |TAMS 0x0000000087900000| PB 0x0000000087900000| Untracked 
| 122|0x0000000087a00000, 0x0000000087a00000, 0x0000000087b00000|  0%| F|  |TAMS 0x0000000087a00000| PB 0x0000000087a00000| Untracked 
| 123|0x0000000087b00000, 0x0000000087b00000, 0x0000000087c00000|  0%| F|  |TAMS 0x0000000087b00000| PB 0x0000000087b00000| Untracked 
| 124|0x0000000087c00000, 0x0000000087c00000, 0x0000000087d00000|  0%| F|  |TAMS 0x0000000087c00000| PB 0x0000000087c00000| Untracked 
| 125|0x0000000087d00000, 0x0000000087d00000, 0x0000000087e00000|  0%| F|  |TAMS 0x0000000087d00000| PB 0x0000000087d00000| Untracked 
| 126|0x0000000087e00000, 0x0000000087e00000, 0x0000000087f00000|  0%| F|  |TAMS 0x0000000087e00000| PB 0x0000000087e00000| Untracked 
| 127|0x0000000087f00000, 0x0000000087f00000, 0x0000000088000000|  0%| F|  |TAMS 0x0000000087f00000| PB 0x0000000087f00000| Untracked 
| 128|0x0000000088000000, 0x0000000088000000, 0x0000000088100000|  0%| F|  |TAMS 0x0000000088000000| PB 0x0000000088000000| Untracked 
| 129|0x0000000088100000, 0x0000000088100000, 0x0000000088200000|  0%| F|  |TAMS 0x0000000088100000| PB 0x0000000088100000| Untracked 
| 130|0x0000000088200000, 0x0000000088200000, 0x0000000088300000|  0%| F|  |TAMS 0x0000000088200000| PB 0x0000000088200000| Untracked 
| 131|0x0000000088300000, 0x0000000088300000, 0x0000000088400000|  0%| F|  |TAMS 0x0000000088300000| PB 0x0000000088300000| Untracked 
| 132|0x0000000088400000, 0x0000000088400000, 0x0000000088500000|  0%| F|  |TAMS 0x0000000088400000| PB 0x0000000088400000| Untracked 
| 133|0x0000000088500000, 0x0000000088500000, 0x0000000088600000|  0%| F|  |TAMS 0x0000000088500000| PB 0x0000000088500000| Untracked 
| 134|0x0000000088600000, 0x0000000088600000, 0x0000000088700000|  0%| F|  |TAMS 0x0000000088600000| PB 0x0000000088600000| Untracked 
| 135|0x0000000088700000, 0x0000000088700000, 0x0000000088800000|  0%| F|  |TAMS 0x0000000088700000| PB 0x0000000088700000| Untracked 
| 136|0x0000000088800000, 0x0000000088800000, 0x0000000088900000|  0%| F|  |TAMS 0x0000000088800000| PB 0x0000000088800000| Untracked 
| 137|0x0000000088900000, 0x0000000088900000, 0x0000000088a00000|  0%| F|  |TAMS 0x0000000088900000| PB 0x0000000088900000| Untracked 
| 138|0x0000000088a00000, 0x0000000088a00000, 0x0000000088b00000|  0%| F|  |TAMS 0x0000000088a00000| PB 0x0000000088a00000| Untracked 
| 139|0x0000000088b00000, 0x0000000088b00000, 0x0000000088c00000|  0%| F|  |TAMS 0x0000000088b00000| PB 0x0000000088b00000| Untracked 
| 140|0x0000000088c00000, 0x0000000088c00000, 0x0000000088d00000|  0%| F|  |TAMS 0x0000000088c00000| PB 0x0000000088c00000| Untracked 
| 141|0x0000000088d00000, 0x0000000088d00000, 0x0000000088e00000|  0%| F|  |TAMS 0x0000000088d00000| PB 0x0000000088d00000| Untracked 
| 142|0x0000000088e00000, 0x0000000088e00000, 0x0000000088f00000|  0%| F|  |TAMS 0x0000000088e00000| PB 0x0000000088e00000| Untracked 
| 143|0x0000000088f00000, 0x0000000088f00000, 0x0000000089000000|  0%| F|  |TAMS 0x0000000088f00000| PB 0x0000000088f00000| Untracked 
| 144|0x0000000089000000, 0x0000000089000000, 0x0000000089100000|  0%| F|  |TAMS 0x0000000089000000| PB 0x0000000089000000| Untracked 
| 145|0x0000000089100000, 0x0000000089100000, 0x0000000089200000|  0%| F|  |TAMS 0x0000000089100000| PB 0x0000000089100000| Untracked 
| 146|0x0000000089200000, 0x0000000089200000, 0x0000000089300000|  0%| F|  |TAMS 0x0000000089200000| PB 0x0000000089200000| Untracked 
|2043|0x00000000ffb00000, 0x00000000ffc00000, 0x00000000ffc00000|100%| O|  |TAMS 0x00000000ffbcfb90| PB 0x00000000ffb00000| Untracked 
|2044|0x00000000ffc00000, 0x00000000ffc00000, 0x00000000ffd00000|  0%| F|  |TAMS 0x00000000ffc00000| PB 0x00000000ffc00000| Untracked 
|2045|0x00000000ffd00000, 0x00000000ffe00000, 0x00000000ffe00000|100%| O|  |TAMS 0x00000000ffe00000| PB 0x00000000ffd00000| Untracked 
|2046|0x00000000ffe00000, 0x00000000ffe00000, 0x00000000fff00000|  0%| F|  |TAMS 0x00000000ffe00000| PB 0x00000000ffe00000| Untracked 
|2047|0x00000000fff00000, 0x0000000100000000, 0x0000000100000000|100%| O|  |TAMS 0x0000000100000000| PB 0x00000000fff00000| Untracked 

Card table byte_map: [0x0000024ef92f0000,0x0000024ef96f0000] _byte_map_base: 0x0000024ef8ef0000

Marking Bits: (CMBitMap*) 0x0000024ef38bd680
 Bits: [0x0000024ef96f0000, 0x0000024efb6f0000)

Polling page: 0x0000024ef39b0000

Metaspace:

Usage:
  Non-class:     58.36 MB used.
      Class:      9.09 MB used.
       Both:     67.46 MB used.

Virtual space:
  Non-class space:       64.00 MB reserved,      59.25 MB ( 93%) committed,  1 nodes.
      Class space:        1.00 GB reserved,       9.94 MB ( <1%) committed,  1 nodes.
             Both:        1.06 GB reserved,      69.19 MB (  6%) committed. 

Chunk freelists:
   Non-Class:  4.53 MB
       Class:  6.05 MB
        Both:  10.58 MB

MaxMetaspaceSize: unlimited
CompressedClassSpaceSize: 1.00 GB
Initial GC threshold: 21.00 MB
Current GC threshold: 105.94 MB
CDS: off
 - commit_granule_bytes: 65536.
 - commit_granule_words: 8192.
 - virtual_space_node_default_size: 8388608.
 - enlarge_chunks_in_place: 1.
 - use_allocation_guard: 0.


Internal statistics:

num_allocs_failed_limit: 6.
num_arena_births: 3104.
num_arena_deaths: 0.
num_vsnodes_births: 2.
num_vsnodes_deaths: 0.
num_space_committed: 1107.
num_space_uncommitted: 0.
num_chunks_returned_to_freelist: 6.
num_chunks_taken_from_freelist: 5958.
num_chunk_merges: 6.
num_chunk_splits: 3839.
num_chunks_enlarged: 2349.
num_inconsistent_stats: 0.

CodeHeap 'non-profiled nmethods': size=120000Kb used=3699Kb max_used=3699Kb free=116300Kb
 bounds [0x0000024e87ad0000, 0x0000024e87e70000, 0x0000024e8f000000]
CodeHeap 'profiled nmethods': size=120000Kb used=11699Kb max_used=11699Kb free=108300Kb
 bounds [0x0000024e80000000, 0x0000024e80b70000, 0x0000024e87530000]
CodeHeap 'non-nmethods': size=5760Kb used=2747Kb max_used=2778Kb free=3013Kb
 bounds [0x0000024e87530000, 0x0000024e877f0000, 0x0000024e87ad0000]
 total_blobs=7266 nmethods=6376 adapters=794
 compilation: enabled
              stopped_count=0, restarted_count=0
 full_count=0

Compilation events (20 events):
Event: 11.694 Thread 0x0000024efe3ecf50 nmethod 7392 0x0000024e80b69f90 code [0x0000024e80b6a140, 0x0000024e80b6a2c0]
Event: 11.695 Thread 0x0000024efe3ecf50 7393       3       kotlin.reflect.jvm.internal.impl.name.Name::<init> (23 bytes)
Event: 11.696 Thread 0x0000024efe3ecf50 nmethod 7393 0x0000024e80b6a390 code [0x0000024e80b6a540, 0x0000024e80b6a780]
Event: 11.696 Thread 0x0000024efe3ecf50 7395       3       kotlin.reflect.jvm.internal.impl.name.FqName::asString (16 bytes)
Event: 11.696 Thread 0x0000024efe3ecf50 nmethod 7395 0x0000024e80b6a890 code [0x0000024e80b6aa60, 0x0000024e80b6acb0]
Event: 11.696 Thread 0x0000024efe3ecf50 7394       3       kotlin.reflect.jvm.internal.impl.name.Name::identifier (18 bytes)
Event: 11.696 Thread 0x0000024efe3ecf50 nmethod 7394 0x0000024e80b6ad90 code [0x0000024e80b6af60, 0x0000024e80b6b298]
Event: 11.696 Thread 0x0000024efe3ecf50 7396       3       kotlin.reflect.jvm.internal.impl.name.FqName::<init> (26 bytes)
Event: 11.697 Thread 0x0000024efe3ecf50 nmethod 7396 0x0000024e80b6b410 code [0x0000024e80b6b600, 0x0000024e80b6ba90]
Event: 11.700 Thread 0x0000024efe3ecf50 7397       3       java.util.jar.JarFile::getEntry (35 bytes)
Event: 11.700 Thread 0x0000024efe3ecf50 nmethod 7397 0x0000024e80b6bc10 code [0x0000024e80b6be20, 0x0000024e80b6c290]
Event: 11.711 Thread 0x0000024e93582e20 7398       4       java.util.jar.JarFile::getVersionedEntry (133 bytes)
Event: 11.800 Thread 0x0000024e93582e20 nmethod 7398 0x0000024e87e5e890 code [0x0000024e87e5eb80, 0x0000024e87e605d8]
Event: 11.800 Thread 0x0000024e93582e20 7399       4       java.util.jar.JarFile::getEntry (35 bytes)
Event: 11.812 Thread 0x0000024e93582e20 nmethod 7399 0x0000024e87e61410 code [0x0000024e87e616a0, 0x0000024e87e62250]
Event: 11.812 Thread 0x0000024e93582e20 7400   !   4       java.util.concurrent.ConcurrentHashMap::putVal (432 bytes)
Event: 11.832 Thread 0x0000024e93582e20 nmethod 7400 0x0000024e87e62c90 code [0x0000024e87e62f20, 0x0000024e87e64148]
Event: 11.844 Thread 0x0000024efe3ecf50 7401       3       java.util.ServiceLoader$LazyClassPathLookupIterator::hasNext (42 bytes)
Event: 11.845 Thread 0x0000024efe3ecf50 nmethod 7401 0x0000024e80b6c410 code [0x0000024e80b6c660, 0x0000024e80b6cce0]
Event: 11.847 Thread 0x0000024efe3cffb0 nmethod 7374 0x0000024e87e64c10 code [0x0000024e87e65360, 0x0000024e87e6a378]

GC Heap History (20 events):
Event: 6.824 GC heap after
{Heap after GC invocations=15 (full 0):
 garbage-first heap   total 109568K, used 68647K [0x0000000080000000, 0x0000000100000000)
  region size 1024K, 5 young (5120K), 5 survivors (5120K)
 Metaspace       used 49347K, committed 50496K, reserved 1114112K
  class space    used 6483K, committed 7040K, reserved 1048576K
}
Event: 7.261 GC heap before
{Heap before GC invocations=15 (full 0):
 garbage-first heap   total 109568K, used 97319K [0x0000000080000000, 0x0000000100000000)
  region size 1024K, 33 young (33792K), 5 survivors (5120K)
 Metaspace       used 52688K, committed 54144K, reserved 1114112K
  class space    used 7042K, committed 7744K, reserved 1048576K
}
Event: 7.266 GC heap after
{Heap after GC invocations=16 (full 0):
 garbage-first heap   total 109568K, used 70217K [0x0000000080000000, 0x0000000100000000)
  region size 1024K, 2 young (2048K), 2 survivors (2048K)
 Metaspace       used 52688K, committed 54144K, reserved 1114112K
  class space    used 7042K, committed 7744K, reserved 1048576K
}
Event: 7.740 GC heap before
{Heap before GC invocations=17 (full 0):
 garbage-first heap   total 117760K, used 99913K [0x0000000080000000, 0x0000000100000000)
  region size 1024K, 31 young (31744K), 2 survivors (2048K)
 Metaspace       used 56178K, committed 57728K, reserved 1114112K
  class space    used 7639K, committed 8384K, reserved 1048576K
}
Event: 7.744 GC heap after
{Heap after GC invocations=18 (full 0):
 garbage-first heap   total 117760K, used 71486K [0x0000000080000000, 0x0000000100000000)
  region size 1024K, 3 young (3072K), 3 survivors (3072K)
 Metaspace       used 56178K, committed 57728K, reserved 1114112K
  class space    used 7639K, committed 8384K, reserved 1048576K
}
Event: 8.351 GC heap before
{Heap before GC invocations=18 (full 0):
 garbage-first heap   total 117760K, used 108350K [0x0000000080000000, 0x0000000100000000)
  region size 1024K, 38 young (38912K), 3 survivors (3072K)
 Metaspace       used 59965K, committed 61568K, reserved 1114112K
  class space    used 8277K, committed 9088K, reserved 1048576K
}
Event: 8.358 GC heap after
{Heap after GC invocations=19 (full 0):
 garbage-first heap   total 117760K, used 76049K [0x0000000080000000, 0x0000000100000000)
  region size 1024K, 5 young (5120K), 5 survivors (5120K)
 Metaspace       used 59965K, committed 61568K, reserved 1114112K
  class space    used 8277K, committed 9088K, reserved 1048576K
}
Event: 8.552 GC heap before
{Heap before GC invocations=19 (full 0):
 garbage-first heap   total 117760K, used 104721K [0x0000000080000000, 0x0000000100000000)
  region size 1024K, 33 young (33792K), 5 survivors (5120K)
 Metaspace       used 60126K, committed 61760K, reserved 1114112K
  class space    used 8277K, committed 9088K, reserved 1048576K
}
Event: 8.590 GC heap after
{Heap after GC invocations=20 (full 0):
 garbage-first heap   total 141312K, used 77800K [0x0000000080000000, 0x0000000100000000)
  region size 1024K, 2 young (2048K), 2 survivors (2048K)
 Metaspace       used 60126K, committed 61760K, reserved 1114112K
  class space    used 8277K, committed 9088K, reserved 1048576K
}
Event: 8.891 GC heap before
{Heap before GC invocations=21 (full 0):
 garbage-first heap   total 141312K, used 129000K [0x0000000080000000, 0x0000000100000000)
  region size 1024K, 52 young (53248K), 2 survivors (2048K)
 Metaspace       used 60166K, committed 61760K, reserved 1114112K
  class space    used 8279K, committed 9088K, reserved 1048576K
}
Event: 8.913 GC heap after
{Heap after GC invocations=22 (full 0):
 garbage-first heap   total 141312K, used 78533K [0x0000000080000000, 0x0000000100000000)
  region size 1024K, 3 young (3072K), 3 survivors (3072K)
 Metaspace       used 60166K, committed 61760K, reserved 1114112K
  class space    used 8279K, committed 9088K, reserved 1048576K
}
Event: 9.326 GC heap before
{Heap before GC invocations=22 (full 0):
 garbage-first heap   total 141312K, used 128709K [0x0000000080000000, 0x0000000100000000)
  region size 1024K, 52 young (53248K), 3 survivors (3072K)
 Metaspace       used 61142K, committed 62784K, reserved 1114112K
  class space    used 8408K, committed 9216K, reserved 1048576K
}
Event: 9.331 GC heap after
{Heap after GC invocations=23 (full 0):
 garbage-first heap   total 141312K, used 80179K [0x0000000080000000, 0x0000000100000000)
  region size 1024K, 5 young (5120K), 5 survivors (5120K)
 Metaspace       used 61142K, committed 62784K, reserved 1114112K
  class space    used 8408K, committed 9216K, reserved 1048576K
}
Event: 9.939 GC heap before
{Heap before GC invocations=23 (full 0):
 garbage-first heap   total 141312K, used 104755K [0x0000000080000000, 0x0000000100000000)
  region size 1024K, 30 young (30720K), 5 survivors (5120K)
 Metaspace       used 63494K, committed 65088K, reserved 1114112K
  class space    used 8666K, committed 9472K, reserved 1048576K
}
Event: 9.944 GC heap after
{Heap after GC invocations=24 (full 0):
 garbage-first heap   total 141312K, used 82636K [0x0000000080000000, 0x0000000100000000)
  region size 1024K, 6 young (6144K), 6 survivors (6144K)
 Metaspace       used 63494K, committed 65088K, reserved 1114112K
  class space    used 8666K, committed 9472K, reserved 1048576K
}
Event: 10.121 GC heap before
{Heap before GC invocations=25 (full 0):
 garbage-first heap   total 152576K, used 132812K [0x0000000080000000, 0x0000000100000000)
  region size 1024K, 48 young (49152K), 6 survivors (6144K)
 Metaspace       used 63563K, committed 65152K, reserved 1114112K
  class space    used 8669K, committed 9472K, reserved 1048576K
}
Event: 10.146 GC heap after
{Heap after GC invocations=26 (full 0):
 garbage-first heap   total 152576K, used 91159K [0x0000000080000000, 0x0000000100000000)
  region size 1024K, 4 young (4096K), 4 survivors (4096K)
 Metaspace       used 63563K, committed 65152K, reserved 1114112K
  class space    used 8669K, committed 9472K, reserved 1048576K
}
Event: 11.307 GC heap before
{Heap before GC invocations=26 (full 0):
 garbage-first heap   total 152576K, used 147479K [0x0000000080000000, 0x0000000100000000)
  region size 1024K, 51 young (52224K), 4 survivors (4096K)
 Metaspace       used 66560K, committed 68288K, reserved 1114112K
  class space    used 8946K, committed 9792K, reserved 1048576K
}
Event: 11.364 GC heap after
{Heap after GC invocations=27 (full 0):
 garbage-first heap   total 155648K, used 98907K [0x0000000080000000, 0x0000000100000000)
  region size 1024K, 5 young (5120K), 5 survivors (5120K)
 Metaspace       used 66560K, committed 68288K, reserved 1114112K
  class space    used 8946K, committed 9792K, reserved 1048576K
}
Event: 11.875 GC heap before
{Heap before GC invocations=27 (full 0):
 garbage-first heap   total 155648K, used 140891K [0x0000000080000000, 0x0000000100000000)
  region size 1024K, 46 young (47104K), 5 survivors (5120K)
 Metaspace       used 69077K, committed 70848K, reserved 1114112K
  class space    used 9312K, committed 10176K, reserved 1048576K
}

Dll operation events (3 events):
Event: 0.010 Loaded shared library C:\Program Files\Android\Android Studio\jbr\bin\java.dll
Event: 0.015 Loaded shared library C:\Program Files\Android\Android Studio\jbr\bin\zip.dll
Event: 0.567 Loaded shared library C:\Program Files\Android\Android Studio\jbr\bin\verify.dll

Deoptimization events (20 events):
Event: 11.366 Thread 0x0000024e933e5740 DEOPT PACKING pc=0x0000024e80452ade sp=0x000000de15af7c50
Event: 11.366 Thread 0x0000024e933e5740 DEOPT UNPACKING pc=0x0000024e87584e42 sp=0x000000de15af7138 mode 0
Event: 11.377 Thread 0x0000024e933e5740 DEOPT PACKING pc=0x0000024e80273d5d sp=0x000000de15af8080
Event: 11.377 Thread 0x0000024e933e5740 DEOPT UNPACKING pc=0x0000024e87584e42 sp=0x000000de15af74f8 mode 0
Event: 11.413 Thread 0x0000024e933e5740 Uncommon trap: trap_request=0xffffff45 fr.pc=0x0000024e87dec4ec relative=0x000000000000038c
Event: 11.413 Thread 0x0000024e933e5740 Uncommon trap: reason=unstable_if action=reinterpret pc=0x0000024e87dec4ec method=java.io.BufferedOutputStream.write([BII)V @ 4 c2
Event: 11.413 Thread 0x0000024e933e5740 DEOPT PACKING pc=0x0000024e87dec4ec sp=0x000000de15af7a70
Event: 11.413 Thread 0x0000024e933e5740 DEOPT UNPACKING pc=0x0000024e875846a2 sp=0x000000de15af7a20 mode 2
Event: 11.452 Thread 0x0000024e933e5740 Uncommon trap: trap_request=0xffffffd6 fr.pc=0x0000024e87e00630 relative=0x0000000000000950
Event: 11.452 Thread 0x0000024e933e5740 Uncommon trap: reason=array_check action=maybe_recompile pc=0x0000024e87e00630 method=java.util.TimSort.binarySort([Ljava/lang/Object;IIILjava/util/Comparator;)V @ 183 c2
Event: 11.452 Thread 0x0000024e933e5740 DEOPT PACKING pc=0x0000024e87e00630 sp=0x000000de15af8100
Event: 11.452 Thread 0x0000024e933e5740 DEOPT UNPACKING pc=0x0000024e875846a2 sp=0x000000de15af8098 mode 2
Event: 11.700 Thread 0x0000024e933e5740 Uncommon trap: trap_request=0xffffff54 fr.pc=0x0000024e87bdb2fc relative=0x000000000000159c
Event: 11.700 Thread 0x0000024e933e5740 Uncommon trap: reason=speculate_null_assert action=make_not_entrant pc=0x0000024e87bdb2fc method=java.util.jar.JarFile.getVersionedEntry(Ljava/lang/String;Ljava/util/jar/JarEntry;)Ljava/util/jar/JarEntry; @ 115 c2
Event: 11.700 Thread 0x0000024e933e5740 DEOPT PACKING pc=0x0000024e87bdb2fc sp=0x000000de15af6fe0
Event: 11.700 Thread 0x0000024e933e5740 DEOPT UNPACKING pc=0x0000024e875846a2 sp=0x000000de15af6fe8 mode 2
Event: 11.700 Thread 0x0000024e933e5740 Uncommon trap: trap_request=0xffffff45 fr.pc=0x0000024e87b3c3e4 relative=0x0000000000000f84
Event: 11.700 Thread 0x0000024e933e5740 Uncommon trap: reason=unstable_if action=reinterpret pc=0x0000024e87b3c3e4 method=java.util.jar.JarFile.getEntry(Ljava/lang/String;)Ljava/util/zip/ZipEntry; @ 15 c2
Event: 11.700 Thread 0x0000024e933e5740 DEOPT PACKING pc=0x0000024e87b3c3e4 sp=0x000000de15af70b0
Event: 11.700 Thread 0x0000024e933e5740 DEOPT UNPACKING pc=0x0000024e875846a2 sp=0x000000de15af70a8 mode 2

Classes loaded (20 events):
Event: 10.947 Loading class java/lang/ClassBeanInfo
Event: 10.947 Loading class java/lang/ClassBeanInfo done
Event: 10.947 Loading class java/lang/ClassBeanInfo
Event: 10.947 Loading class java/lang/ClassBeanInfo done
Event: 10.947 Loading class java/lang/ClassCustomizer
Event: 10.947 Loading class java/lang/ClassCustomizer done
Event: 10.947 Loading class java/lang/ClassCustomizer
Event: 10.947 Loading class java/lang/ClassCustomizer done
Event: 11.227 Loading class java/util/BitSet$1BitSetSpliterator
Event: 11.227 Loading class java/util/BitSet$1BitSetSpliterator done
Event: 11.245 Loading class java/util/Collections$SynchronizedRandomAccessList
Event: 11.245 Loading class java/util/Collections$SynchronizedList
Event: 11.245 Loading class java/util/Collections$SynchronizedList done
Event: 11.245 Loading class java/util/Collections$SynchronizedRandomAccessList done
Event: 11.504 Loading class java/util/concurrent/atomic/AtomicReferenceFieldUpdater
Event: 11.505 Loading class java/util/concurrent/atomic/AtomicReferenceFieldUpdater done
Event: 11.505 Loading class java/util/concurrent/atomic/AtomicReferenceFieldUpdater$AtomicReferenceFieldUpdaterImpl
Event: 11.505 Loading class java/util/concurrent/atomic/AtomicReferenceFieldUpdater$AtomicReferenceFieldUpdaterImpl done
Event: 11.505 Loading class java/util/concurrent/atomic/AtomicReferenceFieldUpdater$AtomicReferenceFieldUpdaterImpl$1
Event: 11.505 Loading class java/util/concurrent/atomic/AtomicReferenceFieldUpdater$AtomicReferenceFieldUpdaterImpl$1 done

Classes unloaded (0 events):
No events

Classes redefined (0 events):
No events

Internal exceptions (20 events):
Event: 10.990 Thread 0x0000024e933e5740 Exception <a 'java/lang/ClassNotFoundException'{0x00000000875a68b8}: org/gradle/internal/service/DefaultServiceRegistryCustomizer> (0x00000000875a68b8) 
thrown [s\src\hotspot\share\classfile\systemDictionary.cpp, line 312]
Event: 10.992 Thread 0x0000024e933e5740 Exception <a 'java/lang/ClassNotFoundException'{0x00000000875c9898}: org/gradle/internal/service/ScopedServiceRegistryCustomizer> (0x00000000875c9898) 
thrown [s\src\hotspot\share\classfile\systemDictionary.cpp, line 312]
Event: 10.997 Thread 0x0000024e933e5740 Exception <a 'java/lang/ClassNotFoundException'{0x0000000087415d80}: org/gradle/internal/extensibility/DefaultConventionBeanInfo> (0x0000000087415d80) 
thrown [s\src\hotspot\share\classfile\systemDictionary.cpp, line 312]
Event: 10.998 Thread 0x0000024e933e5740 Exception <a 'java/lang/ClassNotFoundException'{0x000000008742a788}: org/gradle/internal/extensibility/DefaultConventionCustomizer> (0x000000008742a788) 
thrown [s\src\hotspot\share\classfile\systemDictionary.cpp, line 312]
Event: 11.017 Thread 0x0000024e933e5740 Exception <a 'java/lang/ClassNotFoundException'{0x00000000874bfb40}: com/intellij/gradle/toolingExtension/impl/modelBuilder/ExtraModelBuilderBeanInfo> (0x00000000874bfb40) 
thrown [s\src\hotspot\share\classfile\systemDictionary.cpp, line 312]
Event: 11.017 Thread 0x0000024e933e5740 Exception <a 'java/lang/ClassNotFoundException'{0x00000000874cb5b0}: com/intellij/gradle/toolingExtension/impl/modelBuilder/ExtraModelBuilderCustomizer> (0x00000000874cb5b0) 
thrown [s\src\hotspot\share\classfile\systemDictionary.cpp, line 312]
Event: 11.231 Thread 0x0000024e933e5740 Exception <a 'java/lang/IncompatibleClassChangeError'{0x0000000086948af0}: Found class java.lang.Object, but interface was expected> (0x0000000086948af0) 
thrown [s\src\hotspot\share\interpreter\linkResolver.cpp, line 851]
Event: 11.235 Thread 0x0000024e933e5740 Exception <a 'sun/nio/fs/WindowsException'{0x0000000086977ee0}> (0x0000000086977ee0) 
thrown [s\src\hotspot\share\prims\jni.cpp, line 535]
Event: 11.236 Thread 0x0000024e933e5740 Exception <a 'sun/nio/fs/WindowsException'{0x0000000086979678}> (0x0000000086979678) 
thrown [s\src\hotspot\share\prims\jni.cpp, line 535]
Event: 11.236 Thread 0x0000024e933e5740 Exception <a 'sun/nio/fs/WindowsException'{0x000000008697add0}> (0x000000008697add0) 
thrown [s\src\hotspot\share\prims\jni.cpp, line 535]
Event: 11.237 Thread 0x0000024e933e5740 Exception <a 'sun/nio/fs/WindowsException'{0x000000008697c530}> (0x000000008697c530) 
thrown [s\src\hotspot\share\prims\jni.cpp, line 535]
Event: 11.239 Thread 0x0000024e933e5740 Exception <a 'java/lang/NoSuchMethodError'{0x0000000086991280}: 'java.lang.Object java.lang.invoke.Invokers$Holder.invoker(java.lang.Object, java.lang.Object, java.lang.Object, java.lang.Object, java.lang.Object, java.lang.Object)'> (0x0000000086991280) 
thrown [s\src\hotspot\share\interpreter\linkResolver.cpp, line 784]
Event: 11.256 Thread 0x0000024e933e5740 Exception <a 'java/lang/NoSuchMethodError'{0x000000008689fe28}: 'java.lang.Object java.lang.invoke.DirectMethodHandle$Holder.invokeSpecial(java.lang.Object, java.lang.Object, java.lang.Object, java.lang.Object, java.lang.Object, java.lang.Object, java.lang.Object, java.lang.Object, java.lang.Object, java.lang.Object, java.lang.Object, java.lang.Object, java.lang.Object, java.lang.Object, java.lang.Object, java.lang.Object, java.lang.Object, java.lang.Object, java.lang.Object, java.lang.Object, java.lang.Ob
Event: 11.256 Thread 0x0000024e933e5740 Exception <a 'java/lang/NoSuchMethodError'{0x00000000868a61b0}: 'java.lang.Object java.lang.invoke.DelegatingMethodHandle$Holder.reinvoke_L(java.lang.Object, java.lang.Object, java.lang.Object, java.lang.Object, java.lang.Object, java.lang.Object, java.lang.Object, java.lang.Object, java.lang.Object, java.lang.Object, java.lang.Object, java.lang.Object, java.lang.Object, java.lang.Object, java.lang.Object, java.lang.Object, java.lang.Object, java.lang.Object, java.lang.Object, java.lang.Object, java.lang.O
Event: 11.256 Thread 0x0000024e933e5740 Exception <a 'java/lang/NoSuchMethodError'{0x00000000868b1648}: 'java.lang.Object java.lang.invoke.Invokers$Holder.invoker(java.lang.Object, java.lang.Object, java.lang.Object, java.lang.Object, java.lang.Object, java.lang.Object, java.lang.Object, java.lang.Object, java.lang.Object, java.lang.Object, java.lang.Object, java.lang.Object, java.lang.Object, java.lang.Object, java.lang.Object, java.lang.Object, java.lang.Object, java.lang.Object, java.lang.Object, java.lang.Object, java.lang.Object, java.lang.
Event: 11.256 Thread 0x0000024e933e5740 Exception <a 'java/lang/NoSuchMethodError'{0x00000000868b8280}: 'java.lang.Object java.lang.invoke.DelegatingMethodHandle$Holder.delegate(java.lang.Object, java.lang.Object, java.lang.Object, java.lang.Object, java.lang.Object, java.lang.Object, java.lang.Object, java.lang.Object, java.lang.Object, java.lang.Object, java.lang.Object, java.lang.Object, java.lang.Object, java.lang.Object, java.lang.Object, java.lang.Object, java.lang.Object, java.lang.Object, java.lang.Object, java.lang.Object, java.lang.Obj
Event: 11.565 Thread 0x0000024e933e5740 Exception <a 'java/lang/NoSuchMethodError'{0x0000000087667900}: 'java.lang.Object java.lang.invoke.DirectMethodHandle$Holder.newInvokeSpecial(java.lang.Object, java.lang.Object, java.lang.Object, java.lang.Object, java.lang.Object, java.lang.Object, java.lang.Object, java.lang.Object, java.lang.Object, java.lang.Object, java.lang.Object, java.lang.Object, java.lang.Object, java.lang.Object, java.lang.Object, java.lang.Object, java.lang.Object, java.lang.Object, java.lang.Object)'> (0x0000000087667900) 
thr
Event: 11.565 Thread 0x0000024e933e5740 Exception <a 'java/lang/NoSuchMethodError'{0x000000008766e8a0}: 'java.lang.Object java.lang.invoke.DirectMethodHandle$Holder.invokeSpecial(java.lang.Object, java.lang.Object, java.lang.Object, java.lang.Object, java.lang.Object, java.lang.Object, java.lang.Object, java.lang.Object, java.lang.Object, java.lang.Object, java.lang.Object, java.lang.Object, java.lang.Object, java.lang.Object, java.lang.Object, java.lang.Object, java.lang.Object, java.lang.Object, java.lang.Object, java.lang.Object)'> (0x0000000
Event: 11.566 Thread 0x0000024e933e5740 Exception <a 'java/lang/NoSuchMethodError'{0x0000000087674410}: 'java.lang.Object java.lang.invoke.DelegatingMethodHandle$Holder.reinvoke_L(java.lang.Object, java.lang.Object, java.lang.Object, java.lang.Object, java.lang.Object, java.lang.Object, java.lang.Object, java.lang.Object, java.lang.Object, java.lang.Object, java.lang.Object, java.lang.Object, java.lang.Object, java.lang.Object, java.lang.Object, java.lang.Object, java.lang.Object, java.lang.Object, java.lang.Object)'> (0x0000000087674410) 
throw
Event: 11.576 Thread 0x0000024e933e5740 Exception <a 'java/lang/IncompatibleClassChangeError'{0x0000000087543ac0}: Found class java.lang.Object, but interface was expected> (0x0000000087543ac0) 
thrown [s\src\hotspot\share\interpreter\linkResolver.cpp, line 851]

ZGC Phase Switch (0 events):
No events

VM Operations (20 events):
Event: 9.557 Executing VM operation: HandshakeAllThreads (Deoptimize) done
Event: 9.822 Executing VM operation: ICBufferFull
Event: 9.823 Executing VM operation: ICBufferFull done
Event: 9.939 Executing VM operation: G1TryInitiateConcMark (G1 Humongous Allocation)
Event: 9.944 Executing VM operation: G1TryInitiateConcMark (G1 Humongous Allocation) done
Event: 9.986 Executing VM operation: G1PauseRemark
Event: 10.014 Executing VM operation: G1PauseRemark done
Event: 10.032 Executing VM operation: G1PauseCleanup
Event: 10.032 Executing VM operation: G1PauseCleanup done
Event: 10.121 Executing VM operation: G1CollectForAllocation (G1 Evacuation Pause)
Event: 10.146 Executing VM operation: G1CollectForAllocation (G1 Evacuation Pause) done
Event: 10.711 Executing VM operation: HandshakeAllThreads (Deoptimize)
Event: 10.711 Executing VM operation: HandshakeAllThreads (Deoptimize) done
Event: 10.888 Executing VM operation: ICBufferFull
Event: 10.889 Executing VM operation: ICBufferFull done
Event: 10.972 Executing VM operation: HandshakeAllThreads (Deoptimize)
Event: 10.972 Executing VM operation: HandshakeAllThreads (Deoptimize) done
Event: 11.307 Executing VM operation: G1CollectForAllocation (G1 Evacuation Pause)
Event: 11.364 Executing VM operation: G1CollectForAllocation (G1 Evacuation Pause) done
Event: 11.874 Executing VM operation: G1CollectForAllocation (G1 Evacuation Pause)

Memory protections (0 events):
No events

Nmethod flushes (20 events):
Event: 9.998 Thread 0x0000024efe3703e0 flushing  nmethod 0x0000024e8088fa10
Event: 9.998 Thread 0x0000024efe3703e0 flushing  nmethod 0x0000024e8088fd90
Event: 9.998 Thread 0x0000024efe3703e0 flushing  nmethod 0x0000024e80890110
Event: 9.998 Thread 0x0000024efe3703e0 flushing  nmethod 0x0000024e80890610
Event: 9.998 Thread 0x0000024efe3703e0 flushing  nmethod 0x0000024e80892710
Event: 9.998 Thread 0x0000024efe3703e0 flushing  nmethod 0x0000024e808c4d90
Event: 9.998 Thread 0x0000024efe3703e0 flushing  nmethod 0x0000024e808f4510
Event: 9.998 Thread 0x0000024efe3703e0 flushing  nmethod 0x0000024e808f4890
Event: 9.998 Thread 0x0000024efe3703e0 flushing  nmethod 0x0000024e808f7c10
Event: 9.998 Thread 0x0000024efe3703e0 flushing  nmethod 0x0000024e808f8690
Event: 9.998 Thread 0x0000024efe3703e0 flushing  nmethod 0x0000024e808f9690
Event: 9.998 Thread 0x0000024efe3703e0 flushing  nmethod 0x0000024e80275190
Event: 9.998 Thread 0x0000024efe3703e0 flushing  nmethod 0x0000024e80275890
Event: 9.998 Thread 0x0000024efe3703e0 flushing  nmethod 0x0000024e80279f90
Event: 9.998 Thread 0x0000024efe3703e0 flushing  nmethod 0x0000024e8047b310
Event: 9.998 Thread 0x0000024efe3703e0 flushing  nmethod 0x0000024e804f8a10
Event: 9.998 Thread 0x0000024efe3703e0 flushing  nmethod 0x0000024e805f6410
Event: 9.998 Thread 0x0000024efe3703e0 flushing  nmethod 0x0000024e807d8e90
Event: 9.998 Thread 0x0000024efe3703e0 flushing  nmethod 0x0000024e807e4c90
Event: 9.998 Thread 0x0000024efe3703e0 flushing  nmethod 0x0000024e807e5810

Events (20 events):
Event: 6.988 Thread 0x0000024e933e5740 Thread added: 0x0000024e938231b0
Event: 7.044 Thread 0x0000024e933e5740 Thread added: 0x0000024e93823840
Event: 7.764 Thread 0x0000024e933e5740 Thread added: 0x0000024e93824bf0
Event: 7.765 Thread 0x0000024e933e5740 Thread added: 0x0000024e95c7b5d0
Event: 7.808 Thread 0x0000024e933e5740 Thread added: 0x0000024e95c7d010
Event: 7.809 Thread 0x0000024e933e5740 Thread added: 0x0000024e95c7bc60
Event: 9.703 Thread 0x0000024e933e5740 Thread added: 0x0000024e95c7af40
Event: 9.703 Thread 0x0000024e933e5740 Thread added: 0x0000024e95c7dd30
Event: 9.704 Thread 0x0000024e933e5740 Thread added: 0x0000024e95c7a8b0
Event: 9.716 Thread 0x0000024e933e5740 Thread added: 0x0000024e95c7c980
Event: 9.748 Thread 0x0000024e933e5740 Thread added: 0x0000024e97ef67e0
Event: 9.765 Thread 0x0000024e933e5740 Thread added: 0x0000024e97ef6e70
Event: 9.768 Thread 0x0000024e933e5740 Thread added: 0x0000024e97efa980
Event: 9.805 Thread 0x0000024e933e5740 Thread added: 0x0000024e97ef88b0
Event: 9.806 Thread 0x0000024e933e5740 Thread added: 0x0000024e97ef7b90
Event: 9.807 Thread 0x0000024e933e5740 Thread added: 0x0000024e97ef8220
Event: 9.808 Thread 0x0000024e933e5740 Thread added: 0x0000024e97ef95d0
Event: 9.809 Thread 0x0000024e933e5740 Thread added: 0x0000024e97ef7500
Event: 9.810 Thread 0x0000024e933e5740 Thread added: 0x0000024e97ef9c60
Event: 9.812 Thread 0x0000024e933e5740 Thread added: 0x0000024e97efb6a0


Dynamic libraries:
0x00007ff79a460000 - 0x00007ff79a46a000 	C:\Program Files\Android\Android Studio\jbr\bin\java.exe
0x00007ffaa0980000 - 0x00007ffaa0be7000 	C:\WINDOWS\SYSTEM32\ntdll.dll
0x00007ffa9fc30000 - 0x00007ffa9fcf9000 	C:\WINDOWS\System32\KERNEL32.DLL
0x00007ffa9e310000 - 0x00007ffa9e700000 	C:\WINDOWS\System32\KERNELBASE.dll
0x00007ffa9e080000 - 0x00007ffa9e1cb000 	C:\WINDOWS\System32\ucrtbase.dll
0x00007ffa70450000 - 0x00007ffa70468000 	C:\Program Files\Android\Android Studio\jbr\bin\jli.dll
0x00007ffa7d7b0000 - 0x00007ffa7d7cb000 	C:\Program Files\Android\Android Studio\jbr\bin\VCRUNTIME140.dll
0x00007ffaa0770000 - 0x00007ffaa0935000 	C:\WINDOWS\System32\USER32.dll
0x00007ffa9dd60000 - 0x00007ffa9dd87000 	C:\WINDOWS\System32\win32u.dll
0x00007ffa9ed40000 - 0x00007ffa9ed6b000 	C:\WINDOWS\System32\GDI32.dll
0x00007ffa84ca0000 - 0x00007ffa84f3a000 	C:\WINDOWS\WinSxS\amd64_microsoft.windows.common-controls_6595b64144ccf1df_6.0.26100.4768_none_3e0c112ce331287c\COMCTL32.dll
0x00007ffa9ee70000 - 0x00007ffa9ef19000 	C:\WINDOWS\System32\msvcrt.dll
0x00007ffa9e1d0000 - 0x00007ffa9e308000 	C:\WINDOWS\System32\gdi32full.dll
0x00007ffa9dd90000 - 0x00007ffa9de33000 	C:\WINDOWS\System32\msvcp_win.dll
0x00007ffa9ee30000 - 0x00007ffa9ee5f000 	C:\WINDOWS\System32\IMM32.DLL
0x00007ffa84ae0000 - 0x00007ffa84aec000 	C:\Program Files\Android\Android Studio\jbr\bin\vcruntime140_1.dll
0x00007ffa64890000 - 0x00007ffa6491d000 	C:\Program Files\Android\Android Studio\jbr\bin\msvcp140.dll
0x00007ffa0b480000 - 0x00007ffa0c10b000 	C:\Program Files\Android\Android Studio\jbr\bin\server\jvm.dll
0x00007ffa9f3a0000 - 0x00007ffa9f454000 	C:\WINDOWS\System32\ADVAPI32.dll
0x00007ffaa05c0000 - 0x00007ffaa0666000 	C:\WINDOWS\System32\sechost.dll
0x00007ffa9ec20000 - 0x00007ffa9ed38000 	C:\WINDOWS\System32\RPCRT4.dll
0x00007ffa9fad0000 - 0x00007ffa9fb44000 	C:\WINDOWS\System32\WS2_32.dll
0x00007ffa9d930000 - 0x00007ffa9d98e000 	C:\WINDOWS\SYSTEM32\POWRPROF.dll
0x00007ffa96bf0000 - 0x00007ffa96bfb000 	C:\WINDOWS\SYSTEM32\VERSION.dll
0x00007ffa96af0000 - 0x00007ffa96b25000 	C:\WINDOWS\SYSTEM32\WINMM.dll
0x00007ffa9d910000 - 0x00007ffa9d924000 	C:\WINDOWS\SYSTEM32\UMPDC.dll
0x00007ffa9c830000 - 0x00007ffa9c84b000 	C:\WINDOWS\SYSTEM32\kernel.appcore.dll
0x00007ffa82b40000 - 0x00007ffa82b4a000 	C:\Program Files\Android\Android Studio\jbr\bin\jimage.dll
0x00007ffa8a440000 - 0x00007ffa8a681000 	C:\WINDOWS\SYSTEM32\DBGHELP.DLL
0x00007ffa9f000000 - 0x00007ffa9f385000 	C:\WINDOWS\System32\combase.dll
0x00007ffa9f720000 - 0x00007ffa9f800000 	C:\WINDOWS\System32\OLEAUT32.dll
0x00007ffa7fdd0000 - 0x00007ffa7fe13000 	C:\WINDOWS\SYSTEM32\dbgcore.DLL
0x00007ffa9db40000 - 0x00007ffa9dbd9000 	C:\WINDOWS\System32\bcryptPrimitives.dll
0x00007ffa796a0000 - 0x00007ffa796ae000 	C:\Program Files\Android\Android Studio\jbr\bin\instrument.dll
0x00007ffa7d790000 - 0x00007ffa7d7b0000 	C:\Program Files\Android\Android Studio\jbr\bin\java.dll
0x00007ffa7d770000 - 0x00007ffa7d788000 	C:\Program Files\Android\Android Studio\jbr\bin\zip.dll
0x00007ffa9fd00000 - 0x00007ffaa044d000 	C:\WINDOWS\System32\SHELL32.dll
0x00007ffa9dbe0000 - 0x00007ffa9dd53000 	C:\WINDOWS\System32\wintypes.dll
0x00007ffa9b6b0000 - 0x00007ffa9bf0f000 	C:\WINDOWS\SYSTEM32\windows.storage.dll
0x00007ffa9f460000 - 0x00007ffa9f555000 	C:\WINDOWS\System32\SHCORE.dll
0x00007ffa9ef40000 - 0x00007ffa9efaa000 	C:\WINDOWS\System32\shlwapi.dll
0x00007ffa9d9d0000 - 0x00007ffa9d9f9000 	C:\WINDOWS\SYSTEM32\profapi.dll
0x00007ffa82420000 - 0x00007ffa82430000 	C:\Program Files\Android\Android Studio\jbr\bin\net.dll
0x00007ffa92de0000 - 0x00007ffa92efe000 	C:\WINDOWS\SYSTEM32\WINHTTP.dll
0x00007ffa9cdc0000 - 0x00007ffa9ce2b000 	C:\WINDOWS\system32\mswsock.dll
0x00007ffa7a9e0000 - 0x00007ffa7a9f6000 	C:\Program Files\Android\Android Studio\jbr\bin\nio.dll
0x00007ffa7a040000 - 0x00007ffa7a050000 	C:\Program Files\Android\Android Studio\jbr\bin\verify.dll
0x00007ffa66bf0000 - 0x00007ffa66c17000 	C:\Users\hp\.gradle\native\1def1411415f61bf3af743bc5b6707747c0891f09f0c88961ee8f79bc544acac\windows-amd64\native-platform.dll
0x00007ffa63870000 - 0x00007ffa638e8000 	C:\Users\hp\.gradle\native\0.2.7\x86_64-windows-gnu\gradle-fileevents.dll
0x00007ffa7d280000 - 0x00007ffa7d289000 	C:\Program Files\Android\Android Studio\jbr\bin\management.dll
0x00007ffa7c190000 - 0x00007ffa7c19b000 	C:\Program Files\Android\Android Studio\jbr\bin\management_ext.dll
0x00007ffa9fac0000 - 0x00007ffa9fac8000 	C:\WINDOWS\System32\PSAPI.DLL
0x00007ffa9c2d0000 - 0x00007ffa9c303000 	C:\WINDOWS\SYSTEM32\IPHLPAPI.DLL
0x00007ffa9f390000 - 0x00007ffa9f39a000 	C:\WINDOWS\System32\NSI.dll
0x00007ffa7db50000 - 0x00007ffa7db59000 	C:\Program Files\Android\Android Studio\jbr\bin\extnet.dll
0x00007ffa9d090000 - 0x00007ffa9d0ab000 	C:\WINDOWS\SYSTEM32\CRYPTSP.dll
0x00007ffa9c790000 - 0x00007ffa9c7cb000 	C:\WINDOWS\system32\rsaenh.dll
0x00007ffa9ce60000 - 0x00007ffa9ce8b000 	C:\WINDOWS\SYSTEM32\USERENV.dll
0x00007ffa9d9a0000 - 0x00007ffa9d9c6000 	C:\WINDOWS\SYSTEM32\bcrypt.dll
0x00007ffa9d080000 - 0x00007ffa9d08c000 	C:\WINDOWS\SYSTEM32\CRYPTBASE.dll
0x00007ffa81f80000 - 0x00007ffa81f88000 	C:\WINDOWS\system32\wshunix.dll

dbghelp: loaded successfully - version: 4.0.5 - missing functions: none
symbol engine: initialized successfully - sym options: 0x614 - pdb path: .;C:\Program Files\Android\Android Studio\jbr\bin;C:\WINDOWS\SYSTEM32;C:\WINDOWS\WinSxS\amd64_microsoft.windows.common-controls_6595b64144ccf1df_6.0.26100.4768_none_3e0c112ce331287c;C:\Program Files\Android\Android Studio\jbr\bin\server;C:\Users\hp\.gradle\native\1def1411415f61bf3af743bc5b6707747c0891f09f0c88961ee8f79bc544acac\windows-amd64;C:\Users\hp\.gradle\native\0.2.7\x86_64-windows-gnu

VM Arguments:
jvm_args: --add-opens=java.base/java.lang=ALL-UNNAMED --add-opens=java.base/java.lang.invoke=ALL-UNNAMED --add-opens=java.base/java.util=ALL-UNNAMED --add-opens=java.prefs/java.util.prefs=ALL-UNNAMED --add-exports=jdk.compiler/com.sun.tools.javac.api=ALL-UNNAMED --add-exports=jdk.compiler/com.sun.tools.javac.util=ALL-UNNAMED --add-opens=java.base/java.util=ALL-UNNAMED --add-opens=java.prefs/java.util.prefs=ALL-UNNAMED --add-opens=java.base/java.nio.charset=ALL-UNNAMED --add-opens=java.base/java.net=ALL-UNNAMED --add-opens=java.base/java.util.concurrent.atomic=ALL-UNNAMED --add-opens=java.xml/javax.xml.namespace=ALL-UNNAMED -Xmx2048m -Dfile.encoding=UTF-8 -Duser.country=US -Duser.language=en -Duser.variant -javaagent:C:\Users\hp\.gradle\wrapper\dists\gradle-8.13-bin\5xuhj0ry160q40clulazy9h7d\gradle-8.13\lib\agents\gradle-instrumentation-agent-8.13.jar 
java_command: org.gradle.launcher.daemon.bootstrap.GradleDaemon 8.13
java_class_path (initial): C:\Users\hp\.gradle\wrapper\dists\gradle-8.13-bin\5xuhj0ry160q40clulazy9h7d\gradle-8.13\lib\gradle-daemon-main-8.13.jar
Launcher Type: SUN_STANDARD

[Global flags]
     intx CICompilerCount                          = 4                                         {product} {ergonomic}
     uint ConcGCThreads                            = 2                                         {product} {ergonomic}
     uint G1ConcRefinementThreads                  = 8                                         {product} {ergonomic}
   size_t G1HeapRegionSize                         = 1048576                                   {product} {ergonomic}
    uintx GCDrainStackTargetSize                   = 64                                        {product} {ergonomic}
   size_t InitialHeapSize                          = 100663296                                 {product} {ergonomic}
   size_t MarkStackSize                            = 4194304                                   {product} {ergonomic}
   size_t MaxHeapSize                              = 2147483648                                {product} {command line}
   size_t MaxNewSize                               = 1287651328                                {product} {ergonomic}
   size_t MinHeapDeltaBytes                        = 1048576                                   {product} {ergonomic}
   size_t MinHeapSize                              = 8388608                                   {product} {ergonomic}
    uintx NonNMethodCodeHeapSize                   = 5839372                                {pd product} {ergonomic}
    uintx NonProfiledCodeHeapSize                  = 122909434                              {pd product} {ergonomic}
    uintx ProfiledCodeHeapSize                     = 122909434                              {pd product} {ergonomic}
    uintx ReservedCodeCacheSize                    = 251658240                              {pd product} {ergonomic}
     bool SegmentedCodeCache                       = true                                      {product} {ergonomic}
   size_t SoftMaxHeapSize                          = 2147483648                             {manageable} {ergonomic}
     bool UseCompressedOops                        = true                           {product lp64_product} {ergonomic}
     bool UseG1GC                                  = true                                      {product} {ergonomic}
     bool UseLargePagesIndividualAllocation        = false                                  {pd product} {ergonomic}

Logging:
Log output configuration:
 #0: stdout all=warning uptime,level,tags foldmultilines=false
 #1: stderr all=off uptime,level,tags foldmultilines=false

Environment Variables:
PATH=C:\WINDOWS\system32;C:\WINDOWS;C:\WINDOWS\System32\Wbem;C:\WINDOWS\System32\WindowsPowerShell\v1.0\;C:\WINDOWS\System32\OpenSSH\;C:\Users\hp\AppData\Local\Microsoft\WindowsApps;
USERNAME=Abhishek Sharma
OS=Windows_NT
PROCESSOR_IDENTIFIER=AMD64 Family 23 Model 24 Stepping 1, AuthenticAMD
TMP=C:\Users\hp\AppData\Local\Temp
TEMP=C:\Users\hp\AppData\Local\Temp




Periodic native trim disabled

JNI global refs:
JNI global refs: 26, weak refs: 0

JNI global refs memory usage: 835, weak refs: 833

Process memory usage:
Resident Set Size: 351760K (5% of 6165648K total physical memory with 505128K free physical memory)

OOME stack traces (most recent first):
Classloader memory used:
Loader org.gradle.internal.classloader.VisitableURLClassLoader                         : 36779K
Loader bootstrap                                                                       : 22997K
Loader org.gradle.initialization.MixInLegacyTypesClassLoader                           : 6873K
Loader org.gradle.internal.classloader.VisitableURLClassLoader                         : 768K
Loader org.gradle.internal.classloader.VisitableURLClassLoader$InstrumentingVisitableURLClassLoader: 577K
Loader jdk.internal.loader.ClassLoaders$PlatformClassLoader                            : 489K
Loader jdk.internal.loader.ClassLoaders$AppClassLoader                                 : 235K
Loader jdk.internal.reflect.DelegatingClassLoader                                      : 164K
Loader org.gradle.groovy.scripts.internal.DefaultScriptCompilationHandler$ScriptClassLoader: 89088B
Loader groovy.lang.GroovyClassLoader$InnerLoader                                       : 59232B
Loader org.codehaus.groovy.runtime.callsite.CallSiteClassLoader                        : 49592B

Classes loaded by more than one classloader:
Class org.gradle.api.GradleException                                                  : loaded 3 times (x 78B)
Class org.gradle.internal.classloader.FilteringClassLoader                            : loaded 2 times (x 101B)
Class org.gradle.internal.classloader.ClassLoaderHierarchy                            : loaded 2 times (x 66B)
Class org.gradle.api.internal.classpath.ManifestUtil                                  : loaded 2 times (x 67B)
Class org.gradle.internal.operations.MultipleBuildOperationFailures                   : loaded 2 times (x 91B)
Class org.gradle.internal.classloader.DefaultClassLoaderFactory                       : loaded 2 times (x 78B)
Class kotlin.collections.AbstractList$Companion                                       : loaded 2 times (x 67B)
Class org.gradle.internal.classloader.ClassLoaderVisitor                              : loaded 2 times (x 72B)
Class org.gradle.api.internal.classpath.EffectiveClassPath                            : loaded 2 times (x 86B)
Class org.gradle.api.internal.DefaultClassPathProvider                                : loaded 2 times (x 72B)
Class [Lorg.gradle.api.internal.ClassPathProvider;                                    : loaded 2 times (x 65B)
Class org.gradle.api.internal.ClassPathProvider                                       : loaded 2 times (x 66B)
Class org.gradle.internal.service.UnknownServiceException                             : loaded 2 times (x 79B)
Class org.gradle.internal.classpath.TransformedClassPath                              : loaded 2 times (x 92B)
Class org.gradle.internal.classloader.InstrumentingClassLoader                        : loaded 2 times (x 66B)
Class kotlin.enums.EnumEntriesList                                                    : loaded 2 times (x 219B)
Class _BuildScript_                                                                   : loaded 2 times (x 169B)
Class org.gradle.internal.service.ServiceLocator                                      : loaded 2 times (x 66B)
Class org.gradle.internal.InternalTransformer                                         : loaded 2 times (x 66B)
Class org.gradle.internal.time.DefaultTimer                                           : loaded 2 times (x 76B)
Class org.gradle.internal.classloader.ClasspathUtil$1                                 : loaded 2 times (x 72B)
Class org.gradle.api.internal.classpath.DefaultModuleRegistry$DefaultModule           : loaded 2 times (x 82B)
Class org.gradle.internal.time.DefaultCountdownTimer                                  : loaded 2 times (x 84B)
Class kotlin.Function                                                                 : loaded 2 times (x 66B)
Class org.gradle.api.internal.classpath.Module                                        : loaded 2 times (x 66B)
Class org.gradle.api.internal.classpath.UnknownModuleException                        : loaded 2 times (x 78B)
Class org.gradle.api.internal.DefaultClassPathRegistry                                : loaded 2 times (x 72B)
Class org.gradle.api.internal.ClassPathRegistry                                       : loaded 2 times (x 66B)
Class org.gradle.internal.classpath.DefaultClassPath$ImmutableUniqueList              : loaded 2 times (x 195B)
Class org.gradle.internal.classpath.ClassPath                                         : loaded 2 times (x 66B)
Class org.gradle.api.UncheckedIOException                                             : loaded 2 times (x 78B)
Class kotlin.UninitializedPropertyAccessException                                     : loaded 2 times (x 78B)
Class _BuildScript_$_run_closure1                                                     : loaded 2 times (x 128B)
Class org.gradle.internal.installation.GradleInstallation$1                           : loaded 2 times (x 71B)
Class org.gradle.api.internal.classpath.ModuleRegistry                                : loaded 2 times (x 66B)
Class org.gradle.api.internal.classpath.DefaultModuleRegistry                         : loaded 2 times (x 82B)
Class org.gradle.internal.time.MonotonicClock                                         : loaded 2 times (x 73B)
Class org.gradle.internal.service.ServiceLookupException                              : loaded 2 times (x 78B)
Class org.gradle.internal.classloader.ClassLoaderFactory                              : loaded 2 times (x 66B)
Class org.gradle.internal.service.CachingServiceLocator                               : loaded 2 times (x 78B)
Class org.gradle.internal.time.TimeSource                                             : loaded 2 times (x 66B)
Class kotlin.enums.EnumEntries                                                        : loaded 2 times (x 66B)
Class ijInit2_ba4i6xzp9tegap6n9414s9o71                                               : loaded 2 times (x 175B)
Class org.gradle.internal.exceptions.ResolutionProvider                               : loaded 2 times (x 66B)
Class org.gradle.internal.classloader.ClasspathUtil                                   : loaded 2 times (x 67B)
Class org.gradle.internal.time.TimeSource$1                                           : loaded 2 times (x 73B)
Class kotlin.jvm.internal.DefaultConstructorMarker                                    : loaded 2 times (x 67B)
Class org.gradle.api.specs.Spec                                                       : loaded 2 times (x 66B)
Class org.gradle.internal.time.Clock                                                  : loaded 2 times (x 66B)
Class kotlin.collections.AbstractList                                                 : loaded 2 times (x 193B)
Class kotlin.collections.AbstractCollection                                           : loaded 2 times (x 113B)
Class _BuildScript_$_run_closure1$_closure2                                           : loaded 2 times (x 128B)
Class org.gradle.internal.classloader.VisitableURLClassLoader$InstrumentingVisitableURLClassLoader: loaded 2 times (x 119B)
Class org.gradle.internal.classloader.VisitableURLClassLoader$Spec                    : loaded 2 times (x 70B)
Class org.gradle.internal.classpath.DefaultClassPath                                  : loaded 2 times (x 86B)
Class org.gradle.internal.classloader.ClassLoaderSpec                                 : loaded 2 times (x 67B)
Class kotlin.Unit                                                                     : loaded 2 times (x 67B)
Class org.gradle.internal.classloader.VisitableURLClassLoader                         : loaded 2 times (x 113B)
Class org.gradle.internal.Cast                                                        : loaded 2 times (x 67B)
Class org.gradle.api.Action                                                           : loaded 2 times (x 66B)
Class kotlin.jvm.functions.Function1                                                  : loaded 2 times (x 66B)
Class org.gradle.internal.classpath.DefaultClassPath$ImmutableUniqueList$Builder      : loaded 2 times (x 71B)
Class kotlin.NotImplementedError                                                      : loaded 2 times (x 78B)
Class org.gradle.internal.exceptions.NonGradleCauseExceptionsHolder                   : loaded 2 times (x 66B)
Class org.jetbrains.plugins.gradle.tooling.ModelBuilderService$Parameter              : loaded 2 times (x 66B)
Class kotlin.enums.EnumEntriesKt                                                      : loaded 2 times (x 67B)
Class org.gradle.internal.IoActions                                                   : loaded 2 times (x 67B)
Class org.gradle.internal.classloader.SystemClassLoaderSpec                           : loaded 2 times (x 67B)
Class org.gradle.internal.exceptions.MultiCauseException                              : loaded 2 times (x 66B)
Class org.gradle.internal.time.CountdownTimer                                         : loaded 2 times (x 66B)
Class kotlin.jvm.internal.Intrinsics                                                  : loaded 2 times (x 67B)
Class org.gradle.tooling.model.ProjectModel                                           : loaded 2 times (x 66B)
Class kotlin.KotlinNullPointerException                                               : loaded 2 times (x 79B)
Class org.gradle.internal.exceptions.DefaultMultiCauseException                       : loaded 2 times (x 91B)
Class org.gradle.internal.time.Time                                                   : loaded 2 times (x 67B)
Class JetGradlePlugin                                                                 : loaded 2 times (x 92B)
Class org.gradle.api.internal.classpath.GlobalCacheRootsProvider                      : loaded 2 times (x 66B)
Class sync_studio_tooling1_7brfsoycxgz1if4mu6yfqa1h4                                  : loaded 2 times (x 175B)
Class org.gradle.internal.time.Timer                                                  : loaded 2 times (x 66B)
Class kotlin.jvm.internal.markers.KMappedMarker                                       : loaded 2 times (x 66B)
Class org.gradle.internal.installation.CurrentGradleInstallationLocator               : loaded 2 times (x 67B)
Class org.gradle.internal.service.DefaultServiceLocator                               : loaded 2 times (x 79B)
Class org.gradle.util.GradleVersion                                                   : loaded 2 times (x 75B)
Class org.gradle.internal.installation.CurrentGradleInstallation                      : loaded 2 times (x 69B)
Class org.gradle.util.internal.GUtil                                                  : loaded 2 times (x 67B)
Class org.gradle.internal.installation.GradleInstallation                             : loaded 2 times (x 71B)

---------------  S Y S T E M  ---------------

OS:
 Windows 11 , 64 bit Build 26100 (10.0.26100.4768)
OS uptime: 0 days 8:24 hours
Hyper-V role detected

CPU: total 8 (initial active 8) (8 cores per cpu, 2 threads per core) family 23 model 24 stepping 1 microcode 0x8108109, cx8, cmov, fxsr, ht, mmx, 3dnowpref, sse, sse2, sse3, ssse3, sse4a, sse4.1, sse4.2, popcnt, lzcnt, tsc, tscinvbit, avx, avx2, aes, clmul, bmi1, bmi2, adx, sha, fma, vzeroupper, clflush, clflushopt, hv, rdtscp, f16c
Processor Information for the first 8 processors :
  Max Mhz: 2100, Current Mhz: 2100, Mhz Limit: 2100

Memory: 4k page, system-wide physical 6021M (493M free)
TotalPageFile size 7685M (AvailPageFile size 59M)
current process WorkingSet (physical memory assigned to process): 344M, peak: 361M
current process commit charge ("private bytes"): 379M, peak: 531M

vm_info: OpenJDK 64-Bit Server VM (21.0.6+-13391695-b895.109) for windows-amd64 JRE (21.0.6+-13391695-b895.109), built on 2025-04-22T21:19:17Z by "builder" with MS VC++ 16.10 / 16.11 (VS2019)

END.
